[    0.000000] Initializing cgroup subsys cpuset
[    0.000000] Initializing cgroup subsys cpu
[    0.000000] Initializing cgroup subsys cpuacct
[    0.000000] Linux version 4.4.0-206-generic (buildd@lgw01-amd64-039) (gcc version 5.4.0 20160609 (Ubuntu 5.4.0-6ubuntu1~16.04.12) ) #238-Ubuntu SMP Tue Mar 16 07:52:37 UTC 2021 (Ubuntu 4.4.0-206.238-generic 4.4.254)
[    0.000000] Command line: BOOT_IMAGE=/boot/vmlinuz-4.4.0-206-generic root=LABEL=cloudimg-rootfs ro console=tty1 console=ttyS0
[    0.000000] KERNEL supported cpus:
[    0.000000]   Intel GenuineIntel
[    0.000000]   AMD AuthenticAMD
[    0.000000]   Centaur CentaurHauls
[    0.000000] x86/fpu: xstate_offset[2]:  576, xstate_sizes[2]:  256
[    0.000000] x86/fpu: Supporting XSAVE feature 0x01: 'x87 floating point registers'
[    0.000000] x86/fpu: Supporting XSAVE feature 0x02: 'SSE registers'
[    0.000000] x86/fpu: Supporting XSAVE feature 0x04: 'AVX registers'
[    0.000000] x86/fpu: Enabled xstate features 0x7, context size is 832 bytes, using 'standard' format.
[    0.000000] e820: BIOS-provided physical RAM map:
[    0.000000] BIOS-e820: [mem 0x0000000000000000-0x000000000009fbff] usable
[    0.000000] BIOS-e820: [mem 0x000000000009fc00-0x000000000009ffff] reserved
[    0.000000] BIOS-e820: [mem 0x00000000000f0000-0x00000000000fffff] reserved
[    0.000000] BIOS-e820: [mem 0x0000000000100000-0x000000003ffeffff] usable
[    0.000000] BIOS-e820: [mem 0x000000003fff0000-0x000000003fffffff] ACPI data
[    0.000000] BIOS-e820: [mem 0x00000000fec00000-0x00000000fec00fff] reserved
[    0.000000] BIOS-e820: [mem 0x00000000fee00000-0x00000000fee00fff] reserved
[    0.000000] BIOS-e820: [mem 0x00000000fffc0000-0x00000000ffffffff] reserved
[    0.000000] NX (Execute Disable) protection: active
[    0.000000] SMBIOS 2.5 present.
[    0.000000] Hypervisor detected: KVM
[    0.000000] Kernel/User page tables isolation: disabled
[    0.000000] e820: last_pfn = 0x3fff0 max_arch_pfn = 0x400000000
[    0.000000] MTRR: Disabled
[    0.000000] x86/PAT: MTRRs disabled, skipping PAT initialization too.
[    0.000000] CPU MTRRs all blank - virtualized system.
[    0.000000] x86/PAT: Configuration [0-7]: WB  WT  UC- UC  WB  WT  UC- UC  
[    0.000000] found SMP MP-table at [mem 0x0009fff0-0x0009ffff] mapped at [ffff88000009fff0]
[    0.000000] Scanning 1 areas for low memory corruption
[    0.000000] RAMDISK: [mem 0x362de000-0x37166fff]
[    0.000000] ACPI: Early table checksum verification disabled
[    0.000000] ACPI: RSDP 0x00000000000E0000 000024 (v02 VBOX  )
[    0.000000] ACPI: XSDT 0x000000003FFF0030 00003C (v01 VBOX   VBOXXSDT 00000001 ASL  00000061)
[    0.000000] ACPI: FACP 0x000000003FFF00F0 0000F4 (v04 VBOX   VBOXFACP 00000001 ASL  00000061)
[    0.000000] ACPI: DSDT 0x000000003FFF0470 002325 (v02 VBOX   VBOXBIOS 00000002 INTL 20100528)
[    0.000000] ACPI: FACS 0x000000003FFF0200 000040
[    0.000000] ACPI: FACS 0x000000003FFF0200 000040
[    0.000000] ACPI: APIC 0x000000003FFF0240 00005C (v02 VBOX   VBOXAPIC 00000001 ASL  00000061)
[    0.000000] ACPI: SSDT 0x000000003FFF02A0 0001CC (v01 VBOX   VBOXCPUT 00000002 INTL 20100528)
[    0.000000] No NUMA configuration found
[    0.000000] Faking a node at [mem 0x0000000000000000-0x000000003ffeffff]
[    0.000000] NODE_DATA(0) allocated [mem 0x3ffeb000-0x3ffeffff]
[    0.000000] kvm-clock: Using msrs 4b564d01 and 4b564d00
[    0.000000] kvm-clock: cpu 0, msr 0:3ffe3001, primary cpu clock
[    0.000000] kvm-clock: using sched offset of 4336157296 cycles
[    0.000000] clocksource: kvm-clock: mask: 0xffffffffffffffff max_cycles: 0x1cd42e4dffb, max_idle_ns: 881590591483 ns
[    0.000000] Zone ranges:
[    0.000000]   DMA      [mem 0x0000000000001000-0x0000000000ffffff]
[    0.000000]   DMA32    [mem 0x0000000001000000-0x000000003ffeffff]
[    0.000000]   Normal   empty
[    0.000000]   Device   empty
[    0.000000] Movable zone start for each node
[    0.000000] Early memory node ranges
[    0.000000]   node   0: [mem 0x0000000000001000-0x000000000009efff]
[    0.000000]   node   0: [mem 0x0000000000100000-0x000000003ffeffff]
[    0.000000] Initmem setup node 0 [mem 0x0000000000001000-0x000000003ffeffff]
[    0.000000] ACPI: PM-Timer IO Port: 0x4008
[    0.000000] IOAPIC[0]: apic_id 2, version 32, address 0xfec00000, GSI 0-23
[    0.000000] ACPI: INT_SRC_OVR (bus 0 bus_irq 0 global_irq 2 dfl dfl)
[    0.000000] ACPI: INT_SRC_OVR (bus 0 bus_irq 9 global_irq 9 low level)
[    0.000000] Using ACPI (MADT) for SMP configuration information
[    0.000000] smpboot: Allowing 2 CPUs, 0 hotplug CPUs
[    0.000000] PM: Registered nosave memory: [mem 0x00000000-0x00000fff]
[    0.000000] PM: Registered nosave memory: [mem 0x0009f000-0x0009ffff]
[    0.000000] PM: Registered nosave memory: [mem 0x000a0000-0x000effff]
[    0.000000] PM: Registered nosave memory: [mem 0x000f0000-0x000fffff]
[    0.000000] e820: [mem 0x40000000-0xfebfffff] available for PCI devices
[    0.000000] Booting paravirtualized kernel on KVM
[    0.000000] clocksource: refined-jiffies: mask: 0xffffffff max_cycles: 0xffffffff, max_idle_ns: 7645519600211568 ns
[    0.000000] setup_percpu: NR_CPUS:512 nr_cpumask_bits:512 nr_cpu_ids:2 nr_node_ids:1
[    0.000000] PERCPU: Embedded 33 pages/cpu @ffff88003fc00000 s95640 r8192 d31336 u1048576
[    0.000000] Built 1 zonelists in Node order, mobility grouping on.  Total pages: 257912
[    0.000000] Policy zone: DMA32
[    0.000000] Kernel command line: BOOT_IMAGE=/boot/vmlinuz-4.4.0-206-generic root=LABEL=cloudimg-rootfs ro console=tty1 console=ttyS0
[    0.000000] PID hash table entries: 4096 (order: 3, 32768 bytes)
[    0.000000] Memory: 997656K/1048120K available (8641K kernel code, 1337K rwdata, 4044K rodata, 1496K init, 1296K bss, 50464K reserved, 0K cma-reserved)
[    0.000000] SLUB: HWalign=64, Order=0-3, MinObjects=0, CPUs=2, Nodes=1
[    0.000000] Hierarchical RCU implementation.
[    0.000000] 	Build-time adjustment of leaf fanout to 64.
[    0.000000] 	RCU restricting CPUs from NR_CPUS=512 to nr_cpu_ids=2.
[    0.000000] RCU: Adjusting geometry for rcu_fanout_leaf=64, nr_cpu_ids=2
[    0.000000] NR_IRQS:33024 nr_irqs:440 16
[    0.000000] Console: colour VGA+ 80x25
[    0.000000] console [tty1] enabled
[    0.000000] console [ttyS0] enabled
[    0.000000] tsc: Detected 1800.000 MHz processor
[    0.263657] Calibrating delay loop (skipped) preset value.. 3600.00 BogoMIPS (lpj=7200000)
[    0.266567] pid_max: default: 32768 minimum: 301
[    0.267920] ACPI: Core revision 20150930
[    0.270762] ACPI: 2 ACPI AML tables successfully acquired and loaded
[    0.273116] Security Framework initialized
[    0.274422] Yama: becoming mindful.
[    0.275801] AppArmor: AppArmor initialized
[    0.277350] Dentry cache hash table entries: 131072 (order: 8, 1048576 bytes)
[    0.279426] Inode-cache hash table entries: 65536 (order: 7, 524288 bytes)
[    0.287085] Mount-cache hash table entries: 2048 (order: 2, 16384 bytes)
[    0.289794] Mountpoint-cache hash table entries: 2048 (order: 2, 16384 bytes)
[    0.292133] Initializing cgroup subsys io
[    0.293702] Initializing cgroup subsys memory
[    0.295090] Initializing cgroup subsys devices
[    0.296366] Initializing cgroup subsys freezer
[    0.298639] Initializing cgroup subsys net_cls
[    0.299853] Initializing cgroup subsys perf_event
[    0.301132] Initializing cgroup subsys net_prio
[    0.302387] Initializing cgroup subsys hugetlb
[    0.303626] Initializing cgroup subsys pids
[    0.333872] mce: CPU supports 0 MCE banks
[    0.335227] Last level iTLB entries: 4KB 64, 2MB 8, 4MB 8
[    0.337169] Last level dTLB entries: 4KB 64, 2MB 0, 4MB 0, 1GB 4
[    0.338969] Spectre V1 : Mitigation: usercopy/swapgs barriers and __user pointer sanitization
[    0.341190] Spectre V2 : Mitigation: Full generic retpoline
[    0.342765] Spectre V2 : Spectre v2 / SpectreRSB mitigation: Filling RSB on context switch
[    0.344920] Speculative Store Bypass: Vulnerable
[    0.346135] SRBDS: Unknown: Dependent on hypervisor status
[    0.348002] MDS: Mitigation: Clear CPU buffers
[    0.354210] Freeing SMP alternatives memory: 36K
[    0.366980] ftrace: allocating 32370 entries in 127 pages
[    0.467801] smpboot: APIC(0) Converting physical 0 to logical package 0
[    0.470323] smpboot: Max logical packages: 1
[    0.472380] x2apic enabled
[    0.474308] Switched APIC routing to physical x2apic.
[    0.478321] ..TIMER: vector=0x30 apic1=0 pin1=2 apic2=-1 pin2=-1
[    0.588696] smpboot: CPU0: Intel(R) Core(TM) i5-8265U CPU @ 1.60GHz (family: 0x6, model: 0x8e, stepping: 0xb)
[    0.592684] Performance Events: unsupported p6 CPU model 142 no PMU driver, software events only.
[    0.611450] KVM setup paravirtual spinlock
[    0.614163] x86: Booting SMP configuration:
[    0.615640] .... node  #0, CPUs:      #1
[    0.617297] kvm-clock: cpu 1, msr 0:3ffe3041, secondary cpu clock
[    0.639602] mce: CPU supports 0 MCE banks
[    0.642698] x86: Booted up 1 node, 2 CPUs
[    0.644347] smpboot: Total of 2 processors activated (7200.00 BogoMIPS)
[    0.647102] devtmpfs: initialized
[    0.651891] evm: security.selinux
[    0.653040] evm: security.SMACK64
[    0.654022] evm: security.SMACK64EXEC
[    0.655437] evm: security.SMACK64TRANSMUTE
[    0.657084] evm: security.SMACK64MMAP
[    0.658429] evm: security.ima
[    0.659536] evm: security.capability
[    0.661092] clocksource: jiffies: mask: 0xffffffff max_cycles: 0xffffffff, max_idle_ns: 7645041785100000 ns
[    0.664121] futex hash table entries: 512 (order: 3, 32768 bytes)
[    0.666742] pinctrl core: initialized pinctrl subsystem
[    0.668666] RTC time: 15:44:02, date: 04/13/21
[    0.674711] NET: Registered protocol family 16
[    0.686977] cpuidle: using governor ladder
[    0.701599] cpuidle: using governor menu
[    0.702754] PCCT header not found.
[    0.704338] ACPI: bus type PCI registered
[    0.706465] acpiphp: ACPI Hot Plug PCI Controller Driver version: 0.5
[    0.710617] PCI: Using configuration type 1 for base access
[    0.726840] ACPI: Added _OSI(Module Device)
[    0.728524] ACPI: Added _OSI(Processor Device)
[    0.730373] ACPI: Added _OSI(3.0 _SCP Extensions)
[    0.732301] ACPI: Added _OSI(Processor Aggregator Device)
[    0.737116] ACPI: Executed 1 blocks of module-level executable AML code
[    0.744098] ACPI: Interpreter enabled
[    0.747951] ACPI: (supports S0 S5)
[    0.749913] ACPI: Using IOAPIC for interrupt routing
[    0.752584] PCI: Using host bridge windows from ACPI; if necessary, use "pci=nocrs" and report a bug
[    0.766656] ACPI: PCI Root Bridge [PCI0] (domain 0000 [bus 00-ff])
[    0.770928] acpi PNP0A03:00: _OSC: OS supports [ASPM ClockPM Segments MSI]
[    0.773637] acpi PNP0A03:00: _OSC: not requesting OS control; OS requires [ExtendedConfig ASPM ClockPM MSI]
[    0.777715] acpi PNP0A03:00: fail to add MMCONFIG information, can't access extended PCI configuration space under this bridge.
[    0.782323] PCI host bridge to bus 0000:00
[    0.784336] pci_bus 0000:00: root bus resource [io  0x0000-0x0cf7 window]
[    0.790355] pci_bus 0000:00: root bus resource [io  0x0d00-0xffff window]
[    0.792983] pci_bus 0000:00: root bus resource [mem 0x000a0000-0x000bffff window]
[    0.796316] pci_bus 0000:00: root bus resource [mem 0x40000000-0xfdffffff window]
[    0.801273] pci_bus 0000:00: root bus resource [bus 00-ff]
[    0.810627] pci 0000:00:01.1: legacy IDE quirk: reg 0x10: [io  0x01f0-0x01f7]
[    0.813252] pci 0000:00:01.1: legacy IDE quirk: reg 0x14: [io  0x03f6]
[    0.816244] pci 0000:00:01.1: legacy IDE quirk: reg 0x18: [io  0x0170-0x0177]
[    0.843720] pci 0000:00:01.1: legacy IDE quirk: reg 0x1c: [io  0x0376]
[    0.903123] pci 0000:00:07.0: quirk: [io  0x4000-0x403f] claimed by PIIX4 ACPI
[    0.906841] pci 0000:00:07.0: quirk: [io  0x4100-0x410f] claimed by PIIX4 SMB
[    0.945311] ACPI: PCI Interrupt Link [LNKA] (IRQs 5 9 10 *11)
[    0.948971] ACPI: PCI Interrupt Link [LNKB] (IRQs 5 9 *10 11)
[    0.952627] ACPI: PCI Interrupt Link [LNKC] (IRQs 5 *9 10 11)
[    0.956005] ACPI: PCI Interrupt Link [LNKD] (IRQs 5 9 10 *11)
[    0.960331] ACPI: Enabled 2 GPEs in block 00 to 07
[    0.963120] vgaarb: setting as boot device: PCI:0000:00:02.0
[    0.965316] vgaarb: device added: PCI:0000:00:02.0,decodes=io+mem,owns=io+mem,locks=none
[    0.970128] vgaarb: loaded
[    0.971850] vgaarb: bridge control possible 0000:00:02.0
[    0.974537] SCSI subsystem initialized
[    0.976640] ACPI: bus type USB registered
[    0.980185] usbcore: registered new interface driver usbfs
[    0.983022] usbcore: registered new interface driver hub
[    0.985944] usbcore: registered new device driver usb
[    0.990268] PCI: Using ACPI for IRQ routing
[    0.994081] NetLabel: Initializing
[    0.997902] NetLabel:  domain hash size = 128
[    1.000263] NetLabel:  protocols = UNLABELED CIPSOv4
[    1.002480] NetLabel:  unlabeled traffic allowed by default
[    1.005463] amd_nb: Cannot enumerate AMD northbridges
[    1.008393] clocksource: Switched to clocksource kvm-clock
[    1.032880] AppArmor: AppArmor Filesystem Enabled
[    1.034725] pnp: PnP ACPI init
[    1.039064] pnp: PnP ACPI: found 3 devices
[    1.055592] clocksource: acpi_pm: mask: 0xffffff max_cycles: 0xffffff, max_idle_ns: 2085701024 ns
[    1.061106] NET: Registered protocol family 2
[    1.064337] TCP established hash table entries: 8192 (order: 4, 65536 bytes)
[    1.069143] TCP bind hash table entries: 8192 (order: 5, 131072 bytes)
[    1.072186] TCP: Hash tables configured (established 8192 bind 8192)
[    1.075467] UDP hash table entries: 512 (order: 2, 16384 bytes)
[    1.077754] UDP-Lite hash table entries: 512 (order: 2, 16384 bytes)
[    1.085226] NET: Registered protocol family 1
[    1.089898] pci 0000:00:00.0: Limiting direct PCI/PCI transfers
[    1.093645] pci 0000:00:01.0: Activating ISA DMA hang workarounds
[    1.095961] Unpacking initramfs...
[    1.579275] Freeing initrd memory: 14884K
[    1.581001] clocksource: tsc: mask: 0xffffffffffffffff max_cycles: 0x19f2297dd97, max_idle_ns: 440795236593 ns
[    1.584152] platform rtc_cmos: registered platform RTC device (no PNP device found)
[    1.586538] Scanning for low memory corruption every 60 seconds
[    1.589487] audit: initializing netlink subsys (disabled)
[    1.591427] audit: type=2000 audit(1618328648.763:1): initialized
[    1.594010] Initialise system trusted keyring
[    1.595574] HugeTLB registered 2 MB page size, pre-allocated 0 pages
[    1.599825] zbud: loaded
[    1.601947] VFS: Disk quotas dquot_6.6.0
[    1.603700] VFS: Dquot-cache hash table entries: 512 (order 0, 4096 bytes)
[    1.612149] squashfs: version 4.0 (2009/01/31) Phillip Lougher
[    1.615325] fuse init (API version 7.23)
[    1.617998] Key type big_key registered
[    1.619600] Allocating IMA MOK and blacklist keyrings.
[    1.622797] Key type asymmetric registered
[    1.623930] Asymmetric key parser 'x509' registered
[    1.625765] Block layer SCSI generic (bsg) driver version 0.4 loaded (major 249)
[    1.628170] io scheduler noop registered
[    1.629289] io scheduler deadline registered (default)
[    1.630918] io scheduler cfq registered
[    1.632802] pci_hotplug: PCI Hot Plug PCI Core version: 0.5
[    1.634817] pciehp: PCI Express Hot Plug Controller Driver version: 0.4
[    1.637125] ACPI: AC Adapter [AC] (on-line)
[    1.638408] input: Power Button as /devices/LNXSYSTM:00/LNXPWRBN:00/input/input0
[    1.640834] ACPI: Power Button [PWRF]
[    1.642571] input: Sleep Button as /devices/LNXSYSTM:00/LNXSLPBN:00/input/input1
[    1.645285] ACPI: Sleep Button [SLPF]
[    1.648220] ACPI: Battery Slot [BAT0] (battery present)
[    1.650539] GHES: HEST is not enabled!
[    1.652200] Serial: 8250/16550 driver, 32 ports, IRQ sharing enabled
[    1.675027] 00:02: ttyS0 at I/O 0x3f8 (irq = 4, base_baud = 115200) is a 16550A
[    1.679960] Linux agpgart interface v0.103
[    1.683858] loop: module loaded
[    1.686133] scsi host0: ata_piix
[    1.688221] scsi host1: ata_piix
[    1.689922] ata1: PATA max UDMA/33 cmd 0x1f0 ctl 0x3f6 bmdma 0xd000 irq 14
[    1.692268] ata2: PATA max UDMA/33 cmd 0x170 ctl 0x376 bmdma 0xd008 irq 15
[    1.694855] libphy: Fixed MDIO Bus: probed
[    1.696909] tun: Universal TUN/TAP device driver, 1.6
[    1.698533] tun: (C) 1999-2004 Max Krasnyansky <maxk@qualcomm.com>
[    1.700265] PPP generic driver version 2.4.2
[    1.701949] ehci_hcd: USB 2.0 'Enhanced' Host Controller (EHCI) Driver
[    1.703627] ehci-pci: EHCI PCI platform driver
[    1.705632] ehci-platform: EHCI generic platform driver
[    1.710636] ohci_hcd: USB 1.1 'Open' Host Controller (OHCI) Driver
[    1.712789] ohci-pci: OHCI PCI platform driver
[    1.714381] ohci-platform: OHCI generic platform driver
[    1.715982] uhci_hcd: USB Universal Host Controller Interface driver
[    1.718093] i8042: PNP: PS/2 Controller [PNP0303:PS2K,PNP0f03:PS2M] at 0x60,0x64 irq 1,12
[    1.721747] serio: i8042 KBD port at 0x60,0x64 irq 1
[    1.723764] serio: i8042 AUX port at 0x60,0x64 irq 12
[    1.728433] mousedev: PS/2 mouse device common for all mice
[    1.731437] rtc_cmos rtc_cmos: rtc core: registered rtc_cmos as rtc0
[    1.733735] input: AT Translated Set 2 keyboard as /devices/platform/i8042/serio0/input/input2
[    1.737575] rtc_cmos rtc_cmos: alarms up to one day, 114 bytes nvram
[    1.739272] i2c /dev entries driver
[    1.740465] device-mapper: uevent: version 1.0.3
[    1.741961] device-mapper: ioctl: 4.34.0-ioctl (2015-10-28) initialised: dm-devel@redhat.com
[    1.744291] ledtrig-cpu: registered to indicate activity on CPUs
[    1.747501] NET: Registered protocol family 10
[    1.749363] NET: Registered protocol family 17
[    1.750668] Key type dns_resolver registered
[    1.752390] registered taskstats version 1
[    1.753926] Loading compiled-in X.509 certificates
[    1.758976] Loaded X.509 cert 'Build time autogenerated kernel key: 516e255599dc793c39c72783e7b5301ff98d6a80'
[    1.762039] zswap: loaded using pool lzo/zbud
[    1.766509] Key type trusted registered
[    1.773348] Key type encrypted registered
[    1.774566] AppArmor: AppArmor sha1 policy hashing enabled
[    1.776765] ima: No TPM chip found, activating TPM-bypass!
[    1.778483] ima: Allocated hash algorithm: sha1
[    1.780043] evm: HMAC attrs: 0x1
[    1.782709]   Magic number: 1:240:740
[    1.784531] rtc_cmos rtc_cmos: setting system clock to 2021-04-13 15:44:03 UTC (1618328643)
[    1.789057] BIOS EDD facility v0.16 2004-Jun-25, 0 devices found
[    1.790923] EDD information not available.
[    1.876402] Freeing unused kernel memory: 1496K
[    1.877807] Write protecting the kernel read-only data: 14336k
[    1.880550] Freeing unused kernel memory: 1588K
[    1.882362] Freeing unused kernel memory: 52K
Loading, please wait...
starting version 229
[    1.910322] random: systemd-udevd: uninitialized urandom read (16 bytes read, 5 bits of entropy available)
[    1.913091] random: udevadm: uninitialized urandom read (16 bytes read, 5 bits of entropy available)
[    1.913207] random: udevadm: uninitialized urandom read (16 bytes read, 5 bits of entropy available)
[    1.922042] random: systemd-udevd: uninitialized urandom read (16 bytes read, 5 bits of entropy available)
[    1.925392] random: systemd-udevd: uninitialized urandom read (16 bytes read, 5 bits of entropy available)
[    1.928635] random: systemd-udevd: uninitialized urandom read (16 bytes read, 5 bits of entropy available)
[    1.928784] random: udevadm: uninitialized urandom read (16 bytes read, 5 bits of entropy available)
[    1.928872] random: udevadm: uninitialized urandom read (16 bytes read, 5 bits of entropy available)
[    1.929134] random: udevadm: uninitialized urandom read (16 bytes read, 5 bits of entropy available)
[    1.929235] random: udevadm: uninitialized urandom read (16 bytes read, 5 bits of entropy available)
[    2.044322] Fusion MPT base driver 3.04.20
[    2.048400] Copyright (c) 1999-2008 LSI Corporation
[    2.086247] e1000: Intel(R) PRO/1000 Network Driver - version 7.3.21-k8-NAPI
[    2.089904] e1000: Copyright (c) 1999-2006 Intel Corporation.
[    2.141709] AVX2 version of gcm_enc/dec engaged.
[    2.143291] AES CTR mode by8 optimization enabled
[    2.150381] Fusion MPT SPI Host driver 3.04.20
[    2.345541] input: ImExPS/2 Generic Explorer Mouse as /devices/platform/i8042/serio1/input/input4
[    2.608482] e1000 0000:00:03.0 eth0: (PCI:33MHz:32-bit) 02:b5:11:9f:b1:da
[    2.611051] e1000 0000:00:03.0 eth0: Intel(R) PRO/1000 Network Connection
[    2.614708] mptbase: ioc0: Initiating bringup
[    3.588964] ioc0: LSI53C1030 A0: Capabilities={Initiator}
[    6.457876] scsi host2: ioc0: LSI53C1030 A0, FwRev=00000000h, Ports=1, MaxQ=256, IRQ=20
[    8.580690] scsi 2:0:0:0: Direct-Access     VBOX     HARDDISK         1.0  PQ: 0 ANSI: 5
[    8.583278] scsi target2:0:0: Beginning Domain Validation
[    8.587421] scsi target2:0:0: Domain Validation skipping write tests
[    8.589390] scsi target2:0:0: Ending Domain Validation
[    8.591804] scsi target2:0:0: asynchronous
[    8.593959] scsi 2:0:1:0: Direct-Access     VBOX     HARDDISK         1.0  PQ: 0 ANSI: 5
[    8.597145] scsi target2:0:1: Beginning Domain Validation
[    8.600261] scsi target2:0:1: Domain Validation skipping write tests
[    8.601982] scsi target2:0:1: Ending Domain Validation
[    8.603430] scsi target2:0:1: asynchronous
[    8.702757] sd 2:0:0:0: Attached scsi generic sg0 type 0
[    8.705359] sd 2:0:0:0: [sda] 83886080 512-byte logical blocks: (42.9 GB/40.0 GiB)
[    8.709771] sd 2:0:1:0: Attached scsi generic sg1 type 0
[    8.713492] sd 2:0:1:0: [sdb] 20480 512-byte logical blocks: (10.5 MB/10.0 MiB)
[    8.718573] sd 2:0:1:0: [sdb] Write Protect is off
[    8.724128] sd 2:0:1:0: [sdb] Incomplete mode parameter data
[    8.725947] sd 2:0:0:0: [sda] Write Protect is off
[    8.741841] sd 2:0:1:0: [sdb] Assuming drive cache: write through
[    8.745833] sd 2:0:0:0: [sda] Incomplete mode parameter data
[    8.753106] sd 2:0:0:0: [sda] Assuming drive cache: write through
[    8.767141]  sda: sda1
[    8.770693] sd 2:0:1:0: [sdb] Attached SCSI disk
[    8.774306] sd 2:0:0:0: [sda] Attached SCSI disk
[    9.618926] e1000 0000:00:08.0 eth1: (PCI:33MHz:32-bit) 08:00:27:d5:9f:95
[    9.620789] e1000 0000:00:08.0 eth1: Intel(R) PRO/1000 Network Connection
[    9.636231] e1000 0000:00:08.0 enp0s8: renamed from eth1
[    9.650136] e1000 0000:00:03.0 enp0s3: renamed from eth0
Begin: Loading essential drivers ... [   11.212973] md: linear personality registered for level -1
[   11.219223] md: multipath personality registered for level -4
[   11.224884] md: raid0 personality registered for level 0
[   11.230778] md: raid1 personality registered for level 1
[   11.304433] raid6: sse2x1   gen()  6836 MB/s
[   11.372667] raid6: sse2x1   xor()  5927 MB/s
[   11.440813] raid6: sse2x2   gen()  7865 MB/s
[   11.508523] raid6: sse2x2   xor()  5858 MB/s
[   11.576453] raid6: sse2x4   gen()  8916 MB/s
[   11.644696] raid6: sse2x4   xor()  5675 MB/s
[   11.712770] raid6: avx2x1   gen()  7684 MB/s
[   11.784579] raid6: avx2x2   gen()  6858 MB/s
[   11.852539] raid6: avx2x4   gen() 11361 MB/s
[   11.854163] raid6: using algorithm avx2x4 gen() 11361 MB/s
[   11.856125] raid6: using avx2x2 recovery algorithm
[   11.859964] xor: automatically using best checksumming function:
[   11.900641]    avx       : 13297.000 MB/sec
[   11.904394] async_tx: api initialized (async)
[   11.921943] md: raid6 personality registered for level 6
[   11.924392] md: raid5 personality registered for level 5
[   11.925797] md: raid4 personality registered for level 4
[   11.938094] md: raid10 personality registered for level 10
done.
Begin: Running /scripts/init-premount ... done.
Begin: Mounting root file system ... Begin: Running /scripts/local-top ... done.
Begin: Running /scripts/local-premount ... [   11.989768] Btrfs loaded
Scanning for Btrfs filesystems
done.
Warning: fsck not present, so skipping root file system
[   12.029346] EXT4-fs (sda1): mounted filesystem with ordered data mode. Opts: (null)
done.
Begin: Running /scripts/local-bottom ... done.
Begin: Running /scripts/init-bottom ... done.
[   12.166830] systemd[1]: systemd 229 running in system mode. (+PAM +AUDIT +SELINUX +IMA +APPARMOR +SMACK +SYSVINIT +UTMP +LIBCRYPTSETUP +GCRYPT +GNUTLS +ACL +XZ -LZ4 +SECCOMP +BLKID +ELFUTILS +KMOD -IDN)
[   12.172428] systemd[1]: Detected virtualization oracle.
[   12.173975] systemd[1]: Detected architecture x86-64.

Welcome to [1mUbuntu 16.04.7 LTS[0m!

[   12.179171] systemd[1]: Set hostname to <ubuntu>.
[   12.182975] systemd[1]: Initializing machine ID from random generator.
[   12.184652] systemd[1]: Installed transient /etc/machine-id file.
[   12.352259] systemd[1]: Listening on Journal Socket.
[[0;32m  OK  [0m] Listening on Journal Socket.
[   12.354737] systemd[1]: Listening on LVM2 metadata daemon socket.
[[0;32m  OK  [0m] Listening on LVM2 metadata daemon socket.
[   12.365570] systemd[1]: Listening on Syslog Socket.
[[0;32m  OK  [0m] Listening on Syslog Socket.
[   12.369269] systemd[1]: Listening on Device-mapper event daemon FIFOs.
[[0;32m  OK  [0m] Listening on Device-mapper event daemon FIFOs.
[   12.384470] systemd[1]: Listening on udev Control Socket.
[[0;32m  OK  [0m] Listening on udev Control Socket.
[   12.391757] systemd[1]: Reached target Swap.
[[0;32m  OK  [0m] Reached target Swap.
[   12.396314] systemd[1]: Reached target Encrypted Volumes.
[[0;32m  OK  [0m] Reached target Encrypted Volumes.
[   12.402532] systemd[1]: Listening on Journal Socket (/dev/log).
[[0;32m  OK  [0m] Listening on Journal Socket (/dev/log).
[   12.409804] systemd[1]: Created slice System Slice.
[[0;32m  OK  [0m] Created slice System Slice.
[   12.428722] systemd[1]: Starting Load Kernel Modules...
         Starting Load Kernel Modules...
[   12.433616] systemd[1]: Mounting Huge Pages File System...
         Mounting Huge Pages File System...
[   12.439995] systemd[1]: Starting Create list of required static device nodes for the current kernel...
         Starting Create list of required st... nodes for the current kernel...
[   12.446106] systemd[1]: Starting Monitoring of LVM2 mirrors, snapshots etc. using dmeventd or progress polling...
         Starting Monitoring of LVM2 mirrors... dmeventd or progress polling...
[   12.453920] systemd[1]: Starting Nameserver information manager...
         Starting Nameserver information manager...
[   12.460076] systemd[1]: Started Forward Password Requests to Wall Directory Watch.
[   12.462804] Loading iSCSI transport class v2.0-870.
[[0;32m  OK  [0m] Started Forward Password Requests to Wall Directory Watch.
[   12.467142] systemd[1]: Reached target System Time Synchronized.
[[0;32m  OK  [0m] Reached target System Time Synchronized.
[   12.474973] systemd[1]: Created slice system-serial\x2dgetty.slice.
[[0;32m  OK  [0m] Created slice system-serial\x2dgetty.slice.
[   12.500574] iscsi: registered transport (tcp)
[   12.504651] systemd[1]: Mounting POSIX Message Queue File System...
         Mounting POSIX Message Queue File System...
[   12.508979] systemd[1]: Listening on fsck to fsckd communication Socket.
[[0;32m  OK  [0m] Listening on fsck to fsckd communication Socket.
[   12.513268] systemd[1]: Listening on LVM2 poll daemon socket.
[[0;32m  OK  [0m] Listening on LVM2 poll daemon socket.
[   12.524765] systemd[1]: Listening on udev Kernel Socket.
[[0;32m  OK  [0m] Listening on udev Kernel Socket.
[   12.529116] systemd[1]: Listening on /dev/initctl Compatibility Named Pipe.
[[0;32m  OK  [0m] Listening on /dev/initctl Compatibility Named Pipe.
[   12.545615] systemd[1]: Starting Set console keymap...
         Starting Set console keymap...
[   12.551883] systemd[1]: Starting Uncomplicated firewall...
[   12.554784] iscsi: registered transport (iser)
         Starting Uncomplicated firewall...
[   12.559630] systemd[1]: Starting File System Check on Root Device...
         Starting File System Check on Root Device...
[   12.563533] systemd[1]: Reached target User and Group Name Lookups.
[[0;32m  OK  [0m] Reached target User and Group Name Lookups.
[   12.588729] systemd[1]: Mounting Debug File System...
         Mounting Debug File System...
[   12.592217] systemd[1]: Created slice User and Session Slice.
[[0;32m  OK  [0m] Created slice User and Session Slice.
[   12.596614] systemd[1]: Reached target Slices.
[[0;32m  OK  [0m] Reached target Slices.
[   12.599878] systemd[1]: Listening on Journal Audit Socket.
[[0;32m  OK  [0m] Listening on Journal Audit Socket.
[   12.604763] systemd[1]: Starting Journal Service...
         Starting Journal Service...
[   12.611287] systemd[1]: Set up automount Arbitrary Executable File Formats File System Automount Point.
[[0;32m  OK  [0m] Set up automount Arbitrary Executab...ats File System Automount Point.
[   12.619457] systemd[1]: Started Trigger resolvconf update for networkd DNS.
[[0;32m  OK  [0m] Started Trigger resolvconf update for networkd DNS.
[   12.630023] systemd[1]: Mounted Huge Pages File System.
[[0;32m  OK  [0m] Mounted Huge Pages File System.
[   12.634359] systemd[1]: Mounted Debug File System.
[[0;32m  OK  [0m] Mounted Debug File System.
[   12.638875] systemd[1]: Mounted POSIX Message Queue File System.
[[0;32m  OK  [0m] Mounted POSIX Message Queue File System.
[   12.643776] systemd[1]: Started Load Kernel Modules.
[[0;32m  OK  [0m] Started Load Kernel Modules.
[   12.649201] systemd[1]: Started Create list of required static device nodes for the current kernel.
[[0;32m  OK  [0m[   12.652684] random: nonblocking pool is initialized
] Started Create list of required sta...ce nodes for the current kernel.
[   12.665932] systemd[1]: Started Set console keymap.
[[0;32m  OK  [0m] Started Set console keymap.
[   12.671069] systemd[1]: Started Uncomplicated firewall.
[[0;32m  OK  [0m] Started Uncomplicated firewall.
[   12.675047] systemd[1]: Started File System Check on Root Device.
[[0;32m  OK  [0m] Started File System Check on Root Device.
[   12.680157] systemd[1]: Started Nameserver information manager.
[[0;32m  OK  [0m] Started Nameserver information manager.
[   12.686837] systemd[1]: Started Journal Service.
[[0;32m  OK  [0m] Started Journal Service.
[[0;32m  OK  [0m] Started LVM2 metadata daemon.
[[0;32m  OK  [0m] Started File System Check Daemon to report status.
         Starting Remount Root and Kernel File Systems...
         Starting Create Static Device Nodes in /dev...
         Starting Apply Kernel Variables...
         Mounting FUSE Control File System...
[[0;32m  OK  [0m] Mounted FUSE Control File System.
[[0;32m  OK  [0m] Started Apply Kernel Variables.
[[0;32m  OK  [0m] Started Remount Root and Kernel File Systems.
         Starting udev Coldplug all Devices...
         Starting Load/Save Random Seed...
         Starting Flush Journal to Persistent Storage...
[[0;32m  OK  [0m] Started Create Static Device Nodes in /dev.
         Starting udev Kernel Device Manager...
[[0;32m  OK  [0m] Started Load/Save Random Seed.
[[0;32m  OK  [0m] Started Flush Journal to Persistent Storage.
[[0;32m  OK  [0m] Started Monitoring of LVM2 mirrors,...ng dmeventd or progress polling.
[[0;32m  OK  [0m] Reached target Local File Systems (Pre).
[[0;32m  OK  [0m] Reached target Local File Systems.
         Starting LSB: AppArmor initialization...
         Starting Tell Plymouth To Write Out Runtime Data...
         Starting Commit a transient machine-id on disk...
         Starting Create Volatile Files and Directories...
         Starting Initial cloud-init job (pre-networking)...
         Starting Set console font and keymap...
[[0;32m  OK  [0m] Started udev Kernel Device Manager.
[[0;32m  OK  [0m] Started Tell Plymouth To Write Out Runtime Data.
[[0;32m  OK  [0m] Started Create Volatile Files and Directories.
         Starting Update UTMP about System Boot/Shutdown...
[[0;32m  OK  [0m] Started Commit a transient machine-id on disk.
[[0;32m  OK  [0m] Started Update UTMP about System Boot/Shutdown.
[[0;32m  OK  [0m] Started udev Coldplug all Devices.
[[0;32m  OK  [0m] Started Dispatch Password Requests to Console Directory Watch.
[[0;32m  OK  [0m] Found device /dev/ttyS0.
[[0;32m  OK  [0m] Listening on Load/Save RF Kill Switch Status /dev/rfkill Watch.
[[0;32m  OK  [0m] Started Set console font and keymap.
[[0;32m  OK  [0m] Started LSB: AppArmor initialization.
[   15.665520] cloud-init[474]: Cloud-init v. 20.4.1-0ubuntu1~16.04.1 running 'init-local' at Tue, 13 Apr 2021 15:44:16 +0000. Up 14.31 seconds.
         Starting Load AppArmor profiles managed internally by snapd...
[[0;32m  OK  [0m] Created slice system-getty.slice.
[[0;32m  OK  [0m] Started Initial cloud-init job (pre-networking).
[[0;32m  OK  [0m] Reached target Network (Pre).
         Starting Raise network interfaces...
[[0;32m  OK  [0m] Started Load AppArmor profiles managed internally by snapd.
[[0;32m  OK  [0m] Started Raise network interfaces.
         Starting Initial cloud-init job (metadata service crawler)...
[[0;32m  OK  [0m] Reached target Network.
[   18.033646] cloud-init[956]: Cloud-init v. 20.4.1-0ubuntu1~16.04.1 running 'init' at Tue, 13 Apr 2021 15:44:18 +0000. Up 16.83 seconds.
[   18.036742] cloud-init[956]: ci-info: ++++++++++++++++++++++++++++++++++++++Net device info+++++++++++++++++++++++++++++++++++++++
[   18.039426] cloud-init[956]: ci-info: +--------+-------+----------------------------+---------------+--------+-------------------+
[   18.042330] cloud-init[956]: ci-info: | Device |   Up  |          Address           |      Mask     | Scope  |     Hw-Address    |
[   18.045694] cloud-init[956]: ci-info: +--------+-------+----------------------------+---------------+--------+-------------------+
[   18.048265] cloud-init[956]: ci-info: | enp0s3 |  True |         10.0.2.15          | 255.255.255.0 | global | 02:b5:11:9f:b1:da |
[   18.050698] cloud-init[956]: ci-info: | enp0s3 |  True | fe80::b5:11ff:fe9f:b1da/64 |       .       |  link  | 02:b5:11:9f:b1:da |
[   18.054817] cloud-init[956]: ci-info: | enp0s8 | False |             .              |       .       |   .    | 08:00:27:d5:9f:95 |
[   18.064883] cloud-init[956]: ci-info: |   lo   |  True |         127.0.0.1          |   255.0.0.0   |  host  |         .         |
[   18.068008] cloud-init[956]: ci-info: |   lo   |  True |          ::1/128           |       .       |  host  |         .         |
[   18.076923] cloud-init[956]: ci-info: +--------+-------+----------------------------+---------------+--------+-------------------+
[   18.080066] cloud-init[956]: ci-info: +++++++++++++++++++++++++++Route IPv4 info++++++++++++++++++++++++++++
[   18.082490] cloud-init[956]: ci-info: +-------+-------------+----------+---------------+-----------+-------+
[   18.085506] cloud-init[956]: ci-info: | Route | Destination | Gateway  |    Genmask    | Interface | Flags |
[   18.087778] cloud-init[956]: ci-info: +-------+-------------+----------+---------------+-----------+-------+
[   18.090229] cloud-init[956]: ci-info: |   0   |   0.0.0.0   | 10.0.2.2 |    0.0.0.0    |   enp0s3  |   UG  |
[   18.093213] cloud-init[956]: ci-info: |   1   |   10.0.2.0  | 0.0.0.0  | 255.255.255.0 |   enp0s3  |   U   |
[   18.095631] cloud-init[956]: ci-info: +-------+-------------+----------+---------------+-----------+-------+
[   18.098364] cloud-init[956]: ci-info: +++++++++++++++++++Route IPv6 info+++++++++++++++++++
[   18.100790] cloud-init[956]: ci-info: +-------+-------------+---------+-----------+-------+
[   18.103179] cloud-init[956]: ci-info: | Route | Destination | Gateway | Interface | Flags |
[   18.105731] cloud-init[956]: ci-info: +-------+-------------+---------+-----------+-------+
[   18.110046] cloud-init[956]: ci-info: |   0   |  fe80::/64  |    ::   |   enp0s3  |   U   |
[   18.113011] cloud-init[956]: ci-info: |   3   |   ff00::/8  |    ::   |   enp0s3  |   U   |
[   18.120740] [[0;32m  OK  [0m] Started Initial cloud-init job (metadata service crawler).
[[0;32m  OK  [0m] Reached target Network is Online.
cloud-init[956]: ci-info: +-------+-------------+---------+-----------+-------+
[   18.125430] cloud-init[956]: Generating public/private rsa key pair.
[   18.127170] cloud-init[956]: Your identification has been saved in /etc/ssh/ssh_host_rsa_key.
[   18.129222] cloud-init[956]: Your public key has been saved in /etc/ssh/ssh_host_rsa_key.pub.
         Starting iSCSI initiator daemon (iscsid)...
[[0;32m  OK  [0m] Reached target Cloud-config availability.
[[0;32m  OK  [0m] Reached target System Initialization.
[   18.131954] cloud-init         Starting LXD - unix socket.
[956]: The key fingerprint is:
[   18.138180] [[0;32m  OK  [0m] Started Daily apt download activities.
cloud-init[956]: SHA256:HhhGJE7jvkRuS5YzEBECDsKKBhN4RKcE27Sm1Ky5Dwg root@ubuntu-xenial
[   18.141288] cloud-init[956]: The key's randomart image is:
[   18.143306] cloud-init[956]: +---[RSA 2048]----+
[   18.144372] cloud-init[956]: |@=Oo=.o          |
[   18.144684] cloud-init[956]: |BB+O +           |
[   18.145293] cloud-init[956]: |==*o+ o          |
[   18.145673] cloud-init[956]: |++o= o o         |
[   18.146293] cloud-init[956]: |Eo  @ . S        |
[   18.146926] cloud-init[956]: |o .= = . .       |
[[0;32m  OK  [0m] Started ACPI Events Check.
[   18.147277] cloud-init[956]: |.o  o   .        |
[   18.150808] cloud-init[956]: |  o              |
[[0;32m  OK  [0m] Reached target Paths.
[   18.151626] cloud-init[956]: |   .             |
[   18.155053] cloud-init[956]: +----[SHA256]-----+
[[0;32m  OK  [0m[   18.156324] cloud-init[956]: Generating public/private dsa key pair.
[   18.156624] cloud-init[956]: Your identification has been saved in /etc/ssh/ssh_host_dsa_key.
[   18.157287] cloud-init[956]: Your public key has been saved in /etc/ssh/ssh_host_dsa_key.pub.
] Started Daily apt upgrade and clean activities.
[   18.157917]          Starting Socket activation for snappy daemon.
cloud-init[956]: The key fingerprint is:
[   18.165238] [[0;32m  OK  [0m] Started Message of the Day.
[[0;32m  OK  [0m] Started Daily Cleanup of Temporary Directories.
[[0;32m  OK  [0m] Reached target Timers.
[cloud-init[0;32m  OK  [0m[956]: ] SHA256:LEkD64VCDV2OuhLNmJ+3LWoAyLv9CFSXI4jGMFFh3zE root@ubuntu-xenialListening on ACPID Listen Socket.

[   18.171130] [[0;32m  OK  [0m] Listening on UUID daemon activation socket.
[[0;32m  OK  [0m] Listening on D-Bus System Message Bus Socket.
[[0;32m  OK  [0m] Listening on LXD - unix socket.
cloud-init[956]: The key's randomart image is:
[[0;32m  OK  [0m] Listening on Socket activation for snappy daemon.
[   18.176034] [[0;32m  OK  [0m] Reached target Sockets.
[[0;32m  OK  [0m] Reached target Basic System.
cloud-init[956]: +---[DSA 1024]----+
[   18.180594] cloud-init[956]: |+o*=..E          |
[   18.182131] cloud-init[956]: |++..oB.o         |
[   18.183762] cloud-init[956]: |++.o=+*          |
[   18.185520] cloud-init[956]: |+*.+oo.+         |
[   18.187454] cloud-init[956]: |=.= . o S        |
[   18.188903] cloud-init[956]: |o+ o   .         |
[   18.190423] cloud-init[956]: |.o* .            |
[   18.192115] cloud-init[956]: | ooooo           |
[   18.194320] cloud-init[956]: | ..ooo.          |
[   18.196105] cloud-init[956]: +----[SHA256]-----+
[   18.197901] cloud-init[956]: Generating public/private ecdsa key pair.
[   18.199597] cloud-init[[0;32m  OK  [0m] Started ACPI event daemon.
[956]: Your identification has been saved in /etc/ssh/ssh_host_ecdsa_key.
         Starting System Logging Service...
         Starting Accounts Service...
[   18.203502] [[0;32m  OK  [0m] Started FUSE filesystem for LXC.
cloud-init[956]: Your public key has been saved in /etc/ssh/ssh_host_ecdsa_key.pub.
[   18.214030] cloud-init[956]: The key fingerprint is:
[   18.216725] cloud-init[956]: SHA256:1Fz47X4A+aGMHY/ox2tuX9vnwmtCvV+Z2VizTaov7wA root@ubuntu-xenial
[   18.219419] cloud-init[956]: The key's randomart image is:
[   18.223805] cloud-init[956]: +---[ECDSA 256]---+
[   18.226165] cloud-init[956]: |           ..    |
[   18.229167] cloud-init[956]: |         o..     |
[[0;32m  OK  [0m] Started D-Bus System Message Bus.
[   18.238670] cloud-init[956]: |        . o. o   |
[   18.251689] cloud-init[956]: |       .    = o  |
[   18.255208] cloud-init[956]: |        S E= X oo|
[   18.270867] cloud-init[956]: |          o.* *=O|
[   18.272378] cloud-init[956]: |         . o.ooB=|
[   18.274049] cloud-init[956]: |          . Bo*.*|
[   18.275562] cloud-init[956]: |           =+X*B=|
[   18.277877] cloud-init[956]: +----[SHA256]-----+
[   18.286477] cloud-init[956]: Generating public/private ed25519 key pair.
[   18.296393] cloud-init[956]: Your identification has been saved in /etc/ssh/ssh_host_ed25519_key.
[   18.301755] cloud-init[956]: Your public key has been saved in /etc/ssh/ssh_host_ed25519_key.pub.
[   18.306841] cloud-init[956]: The key fingerprint is:
[   18.309193] cloud-init[956]: SHA256:65mZAlwXwyI4ikzd+raP9X0Sc0F9ASxwUujQMdi+sJ8 root@ubuntu-xenial
[   18.312432] cloud-init[956]: The key's randomart image is:
[   18.314357] cloud-init[956]: +--[ED25519 256]--+
[   18.319776] cloud-init[956]: |  ...  .+==o..o..|
[   18.320415] cloud-init[956]: | .o....o+++. o ..|
         [   18.322754] cloud-init[956]: |+. ... .+o  o   .|
Starting Pollinate to seed the pseudo random number generator...
[   18.323490] cloud-init[956]: |o. .  ...o   .   |
         Starting LSB: Record successful boot for GRUB...
[   18.336119] cloud-init[956]: |   ... .S .   .  |
[   18.340723] cloud-init[956]: |    oo . o o .   |
         Starting Virtualbox guest utils...
[[0;32m  OK  [0m] Started Regular background program processing daemon.[   18.349346] cloud-init[956]: |    ....o . +    |

[   18.361825] cloud-init[956]: |     .+..E.. .   |
         Starting LXD - container startup/shutdown...
[[0;32m  OK  [0m] Started Deferred execution scheduler.
         Starting Login Service...
[   18.370450] cloud-init         Starting Snap Daemon...
         Starting LSB: MD monitoring daemon...
         Starting /etc/rc.local Compatibility...
[956]: [[0;32m  OK  [0m] Started System Logging Service.
[[0;32m  OK  [0m] Started /etc/rc.local Compatibility.
|     ..o*. .o    |[[0;32m  OK  [0m] Started iSCSI initiator daemon (iscsid).
[   18.417483] 
cloud-init[956]: +----[SHA256]-----+
         Starting Authenticate and Authorize Users to Run Privileged Tasks...
         Starting Login to default iSCSI targets...
[[0;32m  OK  [0m] Started Login Service.
[[0;32m  OK  [0m] Started Unattended Upgrades Shutdown.
[[0;32m  OK  [0m] Started LSB: Record successful boot for GRUB.
[[0;32m  OK  [0m] Started Login to default iSCSI targets.
[[0;32m  OK  [0m] Reached target Remote File Systems (Pre).
[[0;32m  OK  [0m] Reached target Remote File Systems.
         Starting LSB: Set the CPU Frequency Scaling governor to "ondemand"...
         Starting LSB: automatic crash report generation...
         Starting Permit User Sessions...
         Starting LSB: daemon to balance interrupts for SMP systems...
[[0;32m  OK  [0m] Started LSB: MD monitoring daemon.
[[0;32m  OK  [0m] Started Authenticate and Authorize Users to Run Privileged Tasks.
[[0;32m  OK  [0m] Started Accounts Service.
[[0;32m  OK  [0m] Started Permit User Sessions.
         Starting Terminate Plymouth Boot Screen...
         Starting Hold until boot process finishes up...
[[0;32m  OK  [0m] Started LSB: Set the CPU Frequency Scaling governor to "ondemand".
[[0;32m  OK  [0m] Started Terminate Plymouth Boot Screen.
[[0;32m  OK  [0m] Started Hold until boot process finishes up.
[[0;32m  OK  [0m] Started Getty on tty1.
[[0;32m  OK  [0m] Started Serial Getty on ttyS0.
[[0;32m  OK  [0m] Reached target Login Prompts.
         Starting Set console scheme...
[[0;32m  OK  [0m] Started LSB: automatic crash report generation.
[[0;32m  OK  [0m] Started Set console scheme.
[[0;32m  OK  [0m] Started Virtualbox guest utils.
[[0;32m  OK  [0m] Started LXD - container startup/shutdown.
[[0;32m  OK  [0m] Started LSB: daemon to balance interrupts for SMP systems.
[[0;32m  OK  [0m] Started Pollinate to seed the pseudo random number generator.
         Starting OpenBSD Secure Shell server...
[[0;32m  OK  [0m] Started Snap Daemon.
         Starting Wait until snapd is fully seeded...
[[0;32m  OK  [0m] Started OpenBSD Secure Shell server.
[[0;32m  OK  [0m] Created slice User Slice of vagrant.
         Starting User Manager for UID 1000...
[[0;32m  OK  [0m] Started Session 1 of user vagrant.
[[0;32m  OK  [0m] Started User Manager for UID 1000.
[[0;32m  OK  [0m] Started Wait until snapd is fully seeded.
         Starting Apply the settings specified in cloud-config...
[[0;32m  OK  [0m] Reached target Multi-User System.
[[0;32m  OK  [0m] Reached target Graphical Interface.
         Starting Update UTMP about System Runlevel Changes...
[[0;32m  OK  [0m] Started Update UTMP about System Runlevel Changes.
[   22.289543] cloud-init[1403]: Generating locales (this might take a while)...
[   24.422990] cloud-init[1403]:   en_US.UTF-8... done
[   24.424529] cloud-init[1403]: Generation complete.

Ubuntu 16.04.7 LTS ubuntu-xenial ttyS0

ubuntu-xenial login: [   25.220218] cloud-init[1403]: Cloud-init v. 20.4.1-0ubuntu1~16.04.1 running 'modules:config' at Tue, 13 Apr 2021 15:44:24 +0000. Up 22.03 seconds.
ci-info: no authorized SSH keys fingerprints found for user ubuntu.
<14>Apr 13 15:44:28 ec2: 
<14>Apr 13 15:44:28 ec2: #############################################################
<14>Apr 13 15:44:28 ec2: -----BEGIN SSH HOST KEY FINGERPRINTS-----
<14>Apr 13 15:44:28 ec2: 1024 SHA256:LEkD64VCDV2OuhLNmJ+3LWoAyLv9CFSXI4jGMFFh3zE root@ubuntu-xenial (DSA)
<14>Apr 13 15:44:28 ec2: 256 SHA256:1Fz47X4A+aGMHY/ox2tuX9vnwmtCvV+Z2VizTaov7wA root@ubuntu-xenial (ECDSA)
<14>Apr 13 15:44:28 ec2: 256 SHA256:65mZAlwXwyI4ikzd+raP9X0Sc0F9ASxwUujQMdi+sJ8 root@ubuntu-xenial (ED25519)
<14>Apr 13 15:44:28 ec2: 2048 SHA256:HhhGJE7jvkRuS5YzEBECDsKKBhN4RKcE27Sm1Ky5Dwg root@ubuntu-xenial (RSA)
<14>Apr 13 15:44:28 ec2: -----END SSH HOST KEY FINGERPRINTS-----
<14>Apr 13 15:44:28 ec2: #############################################################
-----BEGIN SSH HOST KEY KEYS-----
ecdsa-sha2-nistp256 AAAAE2VjZHNhLXNoYTItbmlzdHAyNTYAAAAIbmlzdHAyNTYAAABBBLiepgEJCXpxsQT9FvsltleAKI+fe7H+evgpv0Q4v/mtbxZzelxyD312J1t5KlEy0cQe+sQi/vrq/3i9Gg7DdVM= root@ubuntu-xenial
ssh-ed25519 AAAAC3NzaC1lZDI1NTE5AAAAIBOBBkHtCarJK32hnjXcXsvdkwiFbDwrm6uB9PfSUuBK root@ubuntu-xenial
ssh-rsa AAAAB3NzaC1yc2EAAAADAQABAAABAQDQh/+K/elMzloRHpPJjEz6k7iV2PM6Y4s/Q3wyc/4diZJMReAtAa+UtqRWK0RS6W3eKWi3gjlPluhggFUXYYAM45A7YL5J107WrQ6quxe+Gbk39m3yn/bMMnSyGKnlQMDZVsdgluYgDR3z1AOlfMS+Vy4SOf7z/V5mmQexpix+8J5ru05BgJxBK+VdXlIziujKavdcVliW6dM3NWQZIK4vIbD0S/5MOMMFs8ankMUUykm2vJCZOPwkRp1/xkbul9yeYwqNSK2AbUvo/XqOBHjW9n0+NBtNW3c8abbxu7zLwlmwXdYgbut6caV5CP9hUqDY/m6xmhqE/NAnoejmmPVX root@ubuntu-xenial
-----END SSH HOST KEY KEYS-----
[   26.238643] cloud-init[1552]: Cloud-init v. 20.4.1-0ubuntu1~16.04.1 running 'modules:final' at Tue, 13 Apr 2021 15:44:28 +0000. Up 25.93 seconds.
[   26.238963] cloud-init[1552]: ci-info: no authorized SSH keys fingerprints found for user ubuntu.
[   26.240809] cloud-init[1552]: Cloud-init v. 20.4.1-0ubuntu1~16.04.1 finished at Tue, 13 Apr 2021 15:44:28 +0000. Datasource DataSourceNoCloud [seed=/dev/sdb][dsmode=net].  Up 26.22 seconds
