[    0.000000] Initializing cgroup subsys cpuset
[    0.000000] Initializing cgroup subsys cpu
[    0.000000] Initializing cgroup subsys cpuacct
[    0.000000] Linux version 4.4.0-206-generic (buildd@lgw01-amd64-039) (gcc version 5.4.0 20160609 (Ubuntu 5.4.0-6ubuntu1~16.04.12) ) #238-Ubuntu SMP Tue Mar 16 07:52:37 UTC 2021 (Ubuntu 4.4.0-206.238-generic 4.4.254)
[    0.000000] Command line: BOOT_IMAGE=/boot/vmlinuz-4.4.0-206-generic root=LABEL=cloudimg-rootfs ro console=tty1 console=ttyS0
[    0.000000] KERNEL supported cpus:
[    0.000000]   Intel GenuineIntel
[    0.000000]   AMD AuthenticAMD
[    0.000000]   Centaur CentaurHauls
[    0.000000] x86/fpu: xstate_offset[2]:  576, xstate_sizes[2]:  256
[    0.000000] x86/fpu: Supporting XSAVE feature 0x01: 'x87 floating point registers'
[    0.000000] x86/fpu: Supporting XSAVE feature 0x02: 'SSE registers'
[    0.000000] x86/fpu: Supporting XSAVE feature 0x04: 'AVX registers'
[    0.000000] x86/fpu: Enabled xstate features 0x7, context size is 832 bytes, using 'standard' format.
[    0.000000] e820: BIOS-provided physical RAM map:
[    0.000000] BIOS-e820: [mem 0x0000000000000000-0x000000000009fbff] usable
[    0.000000] BIOS-e820: [mem 0x000000000009fc00-0x000000000009ffff] reserved
[    0.000000] BIOS-e820: [mem 0x00000000000f0000-0x00000000000fffff] reserved
[    0.000000] BIOS-e820: [mem 0x0000000000100000-0x000000003ffeffff] usable
[    0.000000] BIOS-e820: [mem 0x000000003fff0000-0x000000003fffffff] ACPI data
[    0.000000] BIOS-e820: [mem 0x00000000fec00000-0x00000000fec00fff] reserved
[    0.000000] BIOS-e820: [mem 0x00000000fee00000-0x00000000fee00fff] reserved
[    0.000000] BIOS-e820: [mem 0x00000000fffc0000-0x00000000ffffffff] reserved
[    0.000000] NX (Execute Disable) protection: active
[    0.000000] SMBIOS 2.5 present.
[    0.000000] Hypervisor detected: KVM
[    0.000000] Kernel/User page tables isolation: disabled
[    0.000000] e820: last_pfn = 0x3fff0 max_arch_pfn = 0x400000000
[    0.000000] MTRR: Disabled
[    0.000000] x86/PAT: MTRRs disabled, skipping PAT initialization too.
[    0.000000] CPU MTRRs all blank - virtualized system.
[    0.000000] x86/PAT: Configuration [0-7]: WB  WT  UC- UC  WB  WT  UC- UC  
[    0.000000] found SMP MP-table at [mem 0x0009fff0-0x0009ffff] mapped at [ffff88000009fff0]
[    0.000000] Scanning 1 areas for low memory corruption
[    0.000000] RAMDISK: [mem 0x362de000-0x37166fff]
[    0.000000] ACPI: Early table checksum verification disabled
[    0.000000] ACPI: RSDP 0x00000000000E0000 000024 (v02 VBOX  )
[    0.000000] ACPI: XSDT 0x000000003FFF0030 00003C (v01 VBOX   VBOXXSDT 00000001 ASL  00000061)
[    0.000000] ACPI: FACP 0x000000003FFF00F0 0000F4 (v04 VBOX   VBOXFACP 00000001 ASL  00000061)
[    0.000000] ACPI: DSDT 0x000000003FFF0470 002325 (v02 VBOX   VBOXBIOS 00000002 INTL 20100528)
[    0.000000] ACPI: FACS 0x000000003FFF0200 000040
[    0.000000] ACPI: FACS 0x000000003FFF0200 000040
[    0.000000] ACPI: APIC 0x000000003FFF0240 00005C (v02 VBOX   VBOXAPIC 00000001 ASL  00000061)
[    0.000000] ACPI: SSDT 0x000000003FFF02A0 0001CC (v01 VBOX   VBOXCPUT 00000002 INTL 20100528)
[    0.000000] No NUMA configuration found
[    0.000000] Faking a node at [mem 0x0000000000000000-0x000000003ffeffff]
[    0.000000] NODE_DATA(0) allocated [mem 0x3ffeb000-0x3ffeffff]
[    0.000000] kvm-clock: Using msrs 4b564d01 and 4b564d00
[    0.000000] kvm-clock: cpu 0, msr 0:3ffe3001, primary cpu clock
[    0.000000] kvm-clock: using sched offset of 3781680279 cycles
[    0.000000] clocksource: kvm-clock: mask: 0xffffffffffffffff max_cycles: 0x1cd42e4dffb, max_idle_ns: 881590591483 ns
[    0.000000] Zone ranges:
[    0.000000]   DMA      [mem 0x0000000000001000-0x0000000000ffffff]
[    0.000000]   DMA32    [mem 0x0000000001000000-0x000000003ffeffff]
[    0.000000]   Normal   empty
[    0.000000]   Device   empty
[    0.000000] Movable zone start for each node
[    0.000000] Early memory node ranges
[    0.000000]   node   0: [mem 0x0000000000001000-0x000000000009efff]
[    0.000000]   node   0: [mem 0x0000000000100000-0x000000003ffeffff]
[    0.000000] Initmem setup node 0 [mem 0x0000000000001000-0x000000003ffeffff]
[    0.000000] ACPI: PM-Timer IO Port: 0x4008
[    0.000000] IOAPIC[0]: apic_id 2, version 32, address 0xfec00000, GSI 0-23
[    0.000000] ACPI: INT_SRC_OVR (bus 0 bus_irq 0 global_irq 2 dfl dfl)
[    0.000000] ACPI: INT_SRC_OVR (bus 0 bus_irq 9 global_irq 9 low level)
[    0.000000] Using ACPI (MADT) for SMP configuration information
[    0.000000] smpboot: Allowing 2 CPUs, 0 hotplug CPUs
[    0.000000] PM: Registered nosave memory: [mem 0x00000000-0x00000fff]
[    0.000000] PM: Registered nosave memory: [mem 0x0009f000-0x0009ffff]
[    0.000000] PM: Registered nosave memory: [mem 0x000a0000-0x000effff]
[    0.000000] PM: Registered nosave memory: [mem 0x000f0000-0x000fffff]
[    0.000000] e820: [mem 0x40000000-0xfebfffff] available for PCI devices
[    0.000000] Booting paravirtualized kernel on KVM
[    0.000000] clocksource: refined-jiffies: mask: 0xffffffff max_cycles: 0xffffffff, max_idle_ns: 7645519600211568 ns
[    0.000000] setup_percpu: NR_CPUS:512 nr_cpumask_bits:512 nr_cpu_ids:2 nr_node_ids:1
[    0.000000] PERCPU: Embedded 33 pages/cpu @ffff88003fc00000 s95640 r8192 d31336 u1048576
[    0.000000] Built 1 zonelists in Node order, mobility grouping on.  Total pages: 257912
[    0.000000] Policy zone: DMA32
[    0.000000] Kernel command line: BOOT_IMAGE=/boot/vmlinuz-4.4.0-206-generic root=LABEL=cloudimg-rootfs ro console=tty1 console=ttyS0
[    0.000000] PID hash table entries: 4096 (order: 3, 32768 bytes)
[    0.000000] Memory: 997656K/1048120K available (8641K kernel code, 1337K rwdata, 4044K rodata, 1496K init, 1296K bss, 50464K reserved, 0K cma-reserved)
[    0.000000] SLUB: HWalign=64, Order=0-3, MinObjects=0, CPUs=2, Nodes=1
[    0.000000] Hierarchical RCU implementation.
[    0.000000] 	Build-time adjustment of leaf fanout to 64.
[    0.000000] 	RCU restricting CPUs from NR_CPUS=512 to nr_cpu_ids=2.
[    0.000000] RCU: Adjusting geometry for rcu_fanout_leaf=64, nr_cpu_ids=2
[    0.000000] NR_IRQS:33024 nr_irqs:440 16
[    0.000000] Console: colour VGA+ 80x25
[    0.000000] console [tty1] enabled
[    0.000000] console [ttyS0] enabled
[    0.000000] tsc: Detected 1799.998 MHz processor
[    0.220684] Calibrating delay loop (skipped) preset value.. 3599.99 BogoMIPS (lpj=7199992)
[    0.223894] pid_max: default: 32768 minimum: 301
[    0.225819] ACPI: Core revision 20150930
[    0.228905] ACPI: 2 ACPI AML tables successfully acquired and loaded
[    0.231225] Security Framework initialized
[    0.232746] Yama: becoming mindful.
[    0.233751] AppArmor: AppArmor initialized
[    0.235126] Dentry cache hash table entries: 131072 (order: 8, 1048576 bytes)
[    0.238993] Inode-cache hash table entries: 65536 (order: 7, 524288 bytes)
[    0.246427] Mount-cache hash table entries: 2048 (order: 2, 16384 bytes)
[    0.248310] Mountpoint-cache hash table entries: 2048 (order: 2, 16384 bytes)
[    0.250109] Initializing cgroup subsys io
[    0.251304] Initializing cgroup subsys memory
[    0.252315] Initializing cgroup subsys devices
[    0.253308] Initializing cgroup subsys freezer
[    0.254598] Initializing cgroup subsys net_cls
[    0.255648] Initializing cgroup subsys perf_event
[    0.256984] Initializing cgroup subsys net_prio
[    0.259104] Initializing cgroup subsys hugetlb
[    0.261258] Initializing cgroup subsys pids
[    0.283740] mce: CPU supports 0 MCE banks
[    0.284919] Last level iTLB entries: 4KB 64, 2MB 8, 4MB 8
[    0.286143] Last level dTLB entries: 4KB 64, 2MB 0, 4MB 0, 1GB 4
[    0.287434] Spectre V1 : Mitigation: usercopy/swapgs barriers and __user pointer sanitization
[    0.289508] Spectre V2 : Mitigation: Full generic retpoline
[    0.291900] Spectre V2 : Spectre v2 / SpectreRSB mitigation: Filling RSB on context switch
[    0.295799] Speculative Store Bypass: Vulnerable
[    0.296874] SRBDS: Unknown: Dependent on hypervisor status
[    0.298196] MDS: Mitigation: Clear CPU buffers
[    0.302883] Freeing SMP alternatives memory: 36K
[    0.313632] ftrace: allocating 32370 entries in 127 pages
[    0.402384] smpboot: APIC(0) Converting physical 0 to logical package 0
[    0.404088] smpboot: Max logical packages: 1
[    0.405733] x2apic enabled
[    0.406986] Switched APIC routing to physical x2apic.
[    0.411133] ..TIMER: vector=0x30 apic1=0 pin1=2 apic2=-1 pin2=-1
[    0.520634] smpboot: CPU0: Intel(R) Core(TM) i5-8265U CPU @ 1.60GHz (family: 0x6, model: 0x8e, stepping: 0xb)
[    0.523718] Performance Events: unsupported p6 CPU model 142 no PMU driver, software events only.
[    0.542588] KVM setup paravirtual spinlock
[    0.545320] x86: Booting SMP configuration:
[    0.546383] .... node  #0, CPUs:      #1
[    0.547454] kvm-clock: cpu 1, msr 0:3ffe3041, secondary cpu clock
[    0.568625] mce: CPU supports 0 MCE banks
[    0.571240] x86: Booted up 1 node, 2 CPUs
[    0.572490] smpboot: Total of 2 processors activated (7199.99 BogoMIPS)
[    0.575904] devtmpfs: initialized
[    0.579637] evm: security.selinux
[    0.580711] evm: security.SMACK64
[    0.581646] evm: security.SMACK64EXEC
[    0.582610] evm: security.SMACK64TRANSMUTE
[    0.583671] evm: security.SMACK64MMAP
[    0.584716] evm: security.ima
[    0.585452] evm: security.capability
[    0.586515] clocksource: jiffies: mask: 0xffffffff max_cycles: 0xffffffff, max_idle_ns: 7645041785100000 ns
[    0.588961] futex hash table entries: 512 (order: 3, 32768 bytes)
[    0.590978] pinctrl core: initialized pinctrl subsystem
[    0.593839] RTC time: 16:03:17, date: 04/14/21
[    0.599657] NET: Registered protocol family 16
[    0.612799] cpuidle: using governor ladder
[    0.624962] cpuidle: using governor menu
[    0.626901] PCCT header not found.
[    0.628171] ACPI: bus type PCI registered
[    0.629635] acpiphp: ACPI Hot Plug PCI Controller Driver version: 0.5
[    0.631142] PCI: Using configuration type 1 for base access
[    0.645094] ACPI: Added _OSI(Module Device)
[    0.646294] ACPI: Added _OSI(Processor Device)
[    0.648009] ACPI: Added _OSI(3.0 _SCP Extensions)
[    0.649592] ACPI: Added _OSI(Processor Aggregator Device)
[    0.651604] ACPI: Executed 1 blocks of module-level executable AML code
[    0.655517] ACPI: Interpreter enabled
[    0.656486] ACPI: (supports S0 S5)
[    0.657763] ACPI: Using IOAPIC for interrupt routing
[    0.660340] PCI: Using host bridge windows from ACPI; if necessary, use "pci=nocrs" and report a bug
[    0.668301] ACPI: PCI Root Bridge [PCI0] (domain 0000 [bus 00-ff])
[    0.670595] acpi PNP0A03:00: _OSC: OS supports [ASPM ClockPM Segments MSI]
[    0.672512] acpi PNP0A03:00: _OSC: not requesting OS control; OS requires [ExtendedConfig ASPM ClockPM MSI]
[    0.675687] acpi PNP0A03:00: fail to add MMCONFIG information, can't access extended PCI configuration space under this bridge.
[    0.679560] PCI host bridge to bus 0000:00
[    0.680660] pci_bus 0000:00: root bus resource [io  0x0000-0x0cf7 window]
[    0.682268] pci_bus 0000:00: root bus resource [io  0x0d00-0xffff window]
[    0.683815] pci_bus 0000:00: root bus resource [mem 0x000a0000-0x000bffff window]
[    0.686895] pci_bus 0000:00: root bus resource [mem 0x40000000-0xfdffffff window]
[    0.688805] pci_bus 0000:00: root bus resource [bus 00-ff]
[    0.693001] pci 0000:00:01.1: legacy IDE quirk: reg 0x10: [io  0x01f0-0x01f7]
[    0.695066] pci 0000:00:01.1: legacy IDE quirk: reg 0x14: [io  0x03f6]
[    0.696473] pci 0000:00:01.1: legacy IDE quirk: reg 0x18: [io  0x0170-0x0177]
[    0.710960] pci 0000:00:01.1: legacy IDE quirk: reg 0x1c: [io  0x0376]
[    0.738449] pci 0000:00:07.0: quirk: [io  0x4000-0x403f] claimed by PIIX4 ACPI
[    0.740492] pci 0000:00:07.0: quirk: [io  0x4100-0x410f] claimed by PIIX4 SMB
[    0.760897] ACPI: PCI Interrupt Link [LNKA] (IRQs 5 9 10 *11)
[    0.764329] ACPI: PCI Interrupt Link [LNKB] (IRQs 5 9 *10 11)
[    0.766371] ACPI: PCI Interrupt Link [LNKC] (IRQs 5 *9 10 11)
[    0.768124] ACPI: PCI Interrupt Link [LNKD] (IRQs 5 9 10 *11)
[    0.769907] ACPI: Enabled 2 GPEs in block 00 to 07
[    0.771518] vgaarb: setting as boot device: PCI:0000:00:02.0
[    0.773038] vgaarb: device added: PCI:0000:00:02.0,decodes=io+mem,owns=io+mem,locks=none
[    0.775665] vgaarb: loaded
[    0.776876] vgaarb: bridge control possible 0000:00:02.0
[    0.778701] SCSI subsystem initialized
[    0.779987] ACPI: bus type USB registered
[    0.780947] usbcore: registered new interface driver usbfs
[    0.782175] usbcore: registered new interface driver hub
[    0.783338] usbcore: registered new device driver usb
[    0.785145] PCI: Using ACPI for IRQ routing
[    0.786783] NetLabel: Initializing
[    0.787776] NetLabel:  domain hash size = 128
[    0.789282] NetLabel:  protocols = UNLABELED CIPSOv4
[    0.791923] NetLabel:  unlabeled traffic allowed by default
[    0.794552] amd_nb: Cannot enumerate AMD northbridges
[    0.795818] clocksource: Switched to clocksource kvm-clock
[    0.815399] AppArmor: AppArmor Filesystem Enabled
[    0.816989] pnp: PnP ACPI init
[    0.819301] pnp: PnP ACPI: found 3 devices
[    0.837141] clocksource: acpi_pm: mask: 0xffffff max_cycles: 0xffffff, max_idle_ns: 2085701024 ns
[    0.840159] NET: Registered protocol family 2
[    0.842542] TCP established hash table entries: 8192 (order: 4, 65536 bytes)
[    0.844913] TCP bind hash table entries: 8192 (order: 5, 131072 bytes)
[    0.846986] TCP: Hash tables configured (established 8192 bind 8192)
[    0.848421] UDP hash table entries: 512 (order: 2, 16384 bytes)
[    0.849756] UDP-Lite hash table entries: 512 (order: 2, 16384 bytes)
[    0.854936] NET: Registered protocol family 1
[    0.856444] pci 0000:00:00.0: Limiting direct PCI/PCI transfers
[    0.858538] pci 0000:00:01.0: Activating ISA DMA hang workarounds
[    0.863326] Unpacking initramfs...
[    1.225794] Freeing initrd memory: 14884K
[    1.226934] clocksource: tsc: mask: 0xffffffffffffffff max_cycles: 0x19f227af07c, max_idle_ns: 440795246167 ns
[    1.229464] platform rtc_cmos: registered platform RTC device (no PNP device found)
[    1.231864] Scanning for low memory corruption every 60 seconds
[    1.233688] audit: initializing netlink subsys (disabled)
[    1.234895] audit: type=2000 audit(1618416203.116:1): initialized
[    1.236536] Initialise system trusted keyring
[    1.237971] HugeTLB registered 2 MB page size, pre-allocated 0 pages
[    1.240990] zbud: loaded
[    1.243106] VFS: Disk quotas dquot_6.6.0
[    1.244638] VFS: Dquot-cache hash table entries: 512 (order 0, 4096 bytes)
[    1.246707] squashfs: version 4.0 (2009/01/31) Phillip Lougher
[    1.251830] fuse init (API version 7.23)
[    1.253003] Key type big_key registered
[    1.254053] Allocating IMA MOK and blacklist keyrings.
[    1.256956] Key type asymmetric registered
[    1.258191] Asymmetric key parser 'x509' registered
[    1.259546] Block layer SCSI generic (bsg) driver version 0.4 loaded (major 249)
[    1.261912] io scheduler noop registered
[    1.262869] io scheduler deadline registered (default)
[    1.264021] io scheduler cfq registered
[    1.265223] pci_hotplug: PCI Hot Plug PCI Core version: 0.5
[    1.266495] pciehp: PCI Express Hot Plug Controller Driver version: 0.4
[    1.268063] ACPI: AC Adapter [AC] (on-line)
[    1.269117] input: Power Button as /devices/LNXSYSTM:00/LNXPWRBN:00/input/input0
[    1.270884] ACPI: Power Button [PWRF]
[    1.271960] input: Sleep Button as /devices/LNXSYSTM:00/LNXSLPBN:00/input/input1
[    1.273812] ACPI: Sleep Button [SLPF]
[    1.277498] ACPI: Battery Slot [BAT0] (battery present)
[    1.278690] GHES: HEST is not enabled!
[    1.279683] Serial: 8250/16550 driver, 32 ports, IRQ sharing enabled
[    1.301867] 00:02: ttyS0 at I/O 0x3f8 (irq = 4, base_baud = 115200) is a 16550A
[    1.305033] Linux agpgart interface v0.103
[    1.309719] loop: module loaded
[    1.311504] scsi host0: ata_piix
[    1.312829] scsi host1: ata_piix
[    1.313651] ata1: PATA max UDMA/33 cmd 0x1f0 ctl 0x3f6 bmdma 0xd000 irq 14
[    1.315059] ata2: PATA max UDMA/33 cmd 0x170 ctl 0x376 bmdma 0xd008 irq 15
[    1.318160] libphy: Fixed MDIO Bus: probed
[    1.319099] tun: Universal TUN/TAP device driver, 1.6
[    1.320503] tun: (C) 1999-2004 Max Krasnyansky <maxk@qualcomm.com>
[    1.322054] PPP generic driver version 2.4.2
[    1.325277] ehci_hcd: USB 2.0 'Enhanced' Host Controller (EHCI) Driver
[    1.327617] ehci-pci: EHCI PCI platform driver
[    1.328830] ehci-platform: EHCI generic platform driver
[    1.329935] ohci_hcd: USB 1.1 'Open' Host Controller (OHCI) Driver
[    1.331331] ohci-pci: OHCI PCI platform driver
[    1.332411] ohci-platform: OHCI generic platform driver
[    1.333597] uhci_hcd: USB Universal Host Controller Interface driver
[    1.335060] i8042: PNP: PS/2 Controller [PNP0303:PS2K,PNP0f03:PS2M] at 0x60,0x64 irq 1,12
[    1.337552] serio: i8042 KBD port at 0x60,0x64 irq 1
[    1.338899] serio: i8042 AUX port at 0x60,0x64 irq 12
[    1.340378] mousedev: PS/2 mouse device common for all mice
[    1.344125] rtc_cmos rtc_cmos: rtc core: registered rtc_cmos as rtc0
[    1.345701] rtc_cmos rtc_cmos: alarms up to one day, 114 bytes nvram
[    1.347085] input: AT Translated Set 2 keyboard as /devices/platform/i8042/serio0/input/input2
[    1.349058] i2c /dev entries driver
[    1.350057] device-mapper: uevent: version 1.0.3
[    1.351112] device-mapper: ioctl: 4.34.0-ioctl (2015-10-28) initialised: dm-devel@redhat.com
[    1.353106] ledtrig-cpu: registered to indicate activity on CPUs
[    1.355275] NET: Registered protocol family 10
[    1.356812] NET: Registered protocol family 17
[    1.358725] Key type dns_resolver registered
[    1.360896] registered taskstats version 1
[    1.361975] Loading compiled-in X.509 certificates
[    1.363675] Loaded X.509 cert 'Build time autogenerated kernel key: 516e255599dc793c39c72783e7b5301ff98d6a80'
[    1.366066] zswap: loaded using pool lzo/zbud
[    1.369855] Key type trusted registered
[    1.376849] Key type encrypted registered
[    1.377984] AppArmor: AppArmor sha1 policy hashing enabled
[    1.379370] ima: No TPM chip found, activating TPM-bypass!
[    1.380664] ima: Allocated hash algorithm: sha1
[    1.381843] evm: HMAC attrs: 0x1
[    1.383210]   Magic number: 1:250:85
[    1.384301] rtc_cmos rtc_cmos: setting system clock to 2021-04-14 16:03:18 UTC (1618416198)
[    1.386356] BIOS EDD facility v0.16 2004-Jun-25, 0 devices found
[    1.387594] EDD information not available.
[    1.509596] Freeing unused kernel memory: 1496K
[    1.511132] Write protecting the kernel read-only data: 14336k
[    1.513895] Freeing unused kernel memory: 1588K
[    1.515600] Freeing unused kernel memory: 52K
Loading, please wait...
starting version 229
[    1.538891] random: systemd-udevd: uninitialized urandom read (16 bytes read, 3 bits of entropy available)
[    1.540258] random: udevadm: uninitialized urandom read (16 bytes read, 3 bits of entropy available)
[    1.540303] random: udevadm: uninitialized urandom read (16 bytes read, 3 bits of entropy available)
[    1.549175] random: systemd-udevd: uninitialized urandom read (16 bytes read, 3 bits of entropy available)
[    1.551086] random: systemd-udevd: uninitialized urandom read (16 bytes read, 3 bits of entropy available)
[    1.551371] random: udevadm: uninitialized urandom read (16 bytes read, 3 bits of entropy available)
[    1.551436] random: udevadm: uninitialized urandom read (16 bytes read, 3 bits of entropy available)
[    1.551583] random: udevadm: uninitialized urandom read (16 bytes read, 3 bits of entropy available)
[    1.551654] random: udevadm: uninitialized urandom read (16 bytes read, 3 bits of entropy available)
[    1.551717] random: udevadm: uninitialized urandom read (16 bytes read, 3 bits of entropy available)
[    1.621307] e1000: Intel(R) PRO/1000 Network Driver - version 7.3.21-k8-NAPI
[    1.622826] e1000: Copyright (c) 1999-2006 Intel Corporation.
[    1.628597] Fusion MPT base driver 3.04.20
[    1.630358] Copyright (c) 1999-2008 LSI Corporation
[    1.635983] Fusion MPT SPI Host driver 3.04.20
[    1.654153] AVX2 version of gcm_enc/dec engaged.
[    1.655402] AES CTR mode by8 optimization enabled
[    1.829441] input: ImExPS/2 Generic Explorer Mouse as /devices/platform/i8042/serio1/input/input4
[    2.027862] e1000 0000:00:03.0 eth0: (PCI:33MHz:32-bit) 02:b5:11:9f:b1:da
[    2.030063] e1000 0000:00:03.0 eth0: Intel(R) PRO/1000 Network Connection
[    2.032779] mptbase: ioc0: Initiating bringup
[    2.096407] ioc0: LSI53C1030 A0: Capabilities={Initiator}
[    2.259867] scsi host2: ioc0: LSI53C1030 A0, FwRev=00000000h, Ports=1, MaxQ=256, IRQ=20
[    2.373734] scsi 2:0:0:0: Direct-Access     VBOX     HARDDISK         1.0  PQ: 0 ANSI: 5
[    2.377789] scsi target2:0:0: Beginning Domain Validation
[    2.380900] scsi target2:0:0: Domain Validation skipping write tests
[    2.382092] scsi target2:0:0: Ending Domain Validation
[    2.383154] scsi target2:0:0: asynchronous
[    2.384998] scsi 2:0:1:0: Direct-Access     VBOX     HARDDISK         1.0  PQ: 0 ANSI: 5
[    2.386600] scsi target2:0:1: Beginning Domain Validation
[    2.389689] scsi target2:0:1: Domain Validation skipping write tests
[    2.391775] scsi target2:0:1: Ending Domain Validation
[    2.393216] scsi target2:0:1: asynchronous
[    2.421197] sd 2:0:0:0: Attached scsi generic sg0 type 0
[    2.423176] sd 2:0:1:0: Attached scsi generic sg1 type 0
[    2.425018] sd 2:0:1:0: [sdb] 20480 512-byte logical blocks: (10.5 MB/10.0 MiB)
[    2.426991] sd 2:0:0:0: [sda] 83886080 512-byte logical blocks: (42.9 GB/40.0 GiB)
[    2.429369] sd 2:0:1:0: [sdb] Write Protect is off
[    2.430710] sd 2:0:1:0: [sdb] Incomplete mode parameter data
[    2.431784] sd 2:0:1:0: [sdb] Assuming drive cache: write through
[    2.433156] sd 2:0:0:0: [sda] Write Protect is off
[    2.434807] sd 2:0:0:0: [sda] Incomplete mode parameter data
[    2.435921] sd 2:0:0:0: [sda] Assuming drive cache: write through
[    2.440227]  sda: sda1
[    2.444154] sd 2:0:0:0: [sda] Attached SCSI disk
[    2.446080] sd 2:0:1:0: [sdb] Attached SCSI disk
[    2.769368] e1000 0000:00:08.0 eth1: (PCI:33MHz:32-bit) 08:00:27:fc:dc:2d
[    2.770780] e1000 0000:00:08.0 eth1: Intel(R) PRO/1000 Network Connection
[    2.773439] e1000 0000:00:03.0 enp0s3: renamed from eth0
[    2.784164] e1000 0000:00:08.0 enp0s8: renamed from eth1
Begin: Loading essential drivers ... [    4.143854] md: linear personality registered for level -1
[    4.148222] md: multipath personality registered for level -4
[    4.152634] md: raid0 personality registered for level 0
[    4.159092] md: raid1 personality registered for level 1
[    4.232105] raid6: sse2x1   gen()  8067 MB/s
[    4.299988] raid6: sse2x1   xor()  6569 MB/s
[    4.368254] raid6: sse2x2   gen()  9164 MB/s
[    4.436049] raid6: sse2x2   xor()  6839 MB/s
[    4.503960] raid6: sse2x4   gen() 10112 MB/s
[    4.572304] raid6: sse2x4   xor()  7276 MB/s
[    4.640100] raid6: avx2x1   gen() 14109 MB/s
[    4.708129] raid6: avx2x2   gen() 16850 MB/s
[    4.776072] raid6: avx2x4   gen() 16728 MB/s
[    4.777752] raid6: using algorithm avx2x2 gen() 16850 MB/s
[    4.779603] raid6: using avx2x2 recovery algorithm
[    4.782853] xor: automatically using best checksumming function:
[    4.824086]    avx       : 16765.000 MB/sec
[    4.827656] async_tx: api initialized (async)
[    4.840873] md: raid6 personality registered for level 6
[    4.842162] md: raid5 personality registered for level 5
[    4.843609] md: raid4 personality registered for level 4
[    4.865735] md: raid10 personality registered for level 10
done.
Begin: Running /scripts/init-premount ... done.
Begin: Mounting root file system ... Begin: Running /scripts/local-top ... done.
Begin: Running /scripts/local-premount ... [    4.913218] Btrfs loaded
Scanning for Btrfs filesystems
done.
Warning: fsck not present, so skipping root file system
[    4.960934] EXT4-fs (sda1): mounted filesystem with ordered data mode. Opts: (null)
done.
Begin: Running /scripts/local-bottom ... done.
Begin: Running /scripts/init-bottom ... done.
[    5.100300] systemd[1]: systemd 229 running in system mode. (+PAM +AUDIT +SELINUX +IMA +APPARMOR +SMACK +SYSVINIT +UTMP +LIBCRYPTSETUP +GCRYPT +GNUTLS +ACL +XZ -LZ4 +SECCOMP +BLKID +ELFUTILS +KMOD -IDN)
[    5.104605] systemd[1]: Detected virtualization oracle.
[    5.105995] systemd[1]: Detected architecture x86-64.

Welcome to [1mUbuntu 16.04.7 LTS[0m!

[    5.112141] systemd[1]: Set hostname to <ubuntu>.
[    5.115688] systemd[1]: Initializing machine ID from random generator.
[    5.118047] systemd[1]: Installed transient /etc/machine-id file.
[    5.318804] systemd[1]: Reached target Swap.
[[0;32m  OK  [0m] Reached target Swap.
[    5.321092] systemd[1]: Listening on /dev/initctl Compatibility Named Pipe.
[[0;32m  OK  [0m] Listening on /dev/initctl Compatibility Named Pipe.
[    5.324042] systemd[1]: Started Forward Password Requests to Wall Directory Watch.
[[0;32m  OK  [0m] Started Forward Password Requests to Wall Directory Watch.
[    5.328409] systemd[1]: Listening on Journal Socket.
[[0;32m  OK  [0m] Listening on Journal Socket.
[    5.330775] systemd[1]: Set up automount Arbitrary Executable File Formats File System Automount Point.
[[0;32m  OK  [0m] Set up automount Arbitrary Executab...ats File System Automount Point.
[    5.334693] systemd[1]: Listening on Journal Audit Socket.
[[0;32m  OK  [0m] Listening on Journal Audit Socket.
[    5.337203] systemd[1]: Listening on Syslog Socket.
[[0;32m  OK  [0m] Listening on Syslog Socket.
[    5.339088] systemd[1]: Listening on udev Control Socket.
[[0;32m  OK  [0m] Listening on udev Control Socket.
[    5.343463] systemd[1]: Listening on udev Kernel Socket.
[[0;32m  OK  [0m] Listening on udev Kernel Socket.
[    5.345899] systemd[1]: Reached target Encrypted Volumes.
[[0;32m  OK  [0m] Reached target Encrypted Volumes.
[    5.348466] systemd[1]: Created slice System Slice.
[[0;32m  OK  [0m] Created slice System Slice.
[    5.363947] systemd[1]: Mounting Debug File System...
         Mounting Debug File System...
[    5.373708] systemd[1]: Starting Set console keymap...
         Starting Set console keymap...
[    5.377572] systemd[1]: Starting Nameserver information manager...
         Starting Nameserver information manager...
[    5.381999] systemd[1]: Created slice system-serial\x2dgetty.slice.
[[0;32m  OK  [0m] Created slice system-serial\x2dgetty.slice.
[    5.384416] systemd[1]: Listening on fsck to fsckd communication Socket.
[[0;32m  OK  [0m] Listening on fsck to fsckd communication Socket.
[    5.394408] systemd[1]: Starting File System Check on Root Device...
         Starting File System Check on Root Device...
[    5.405300] systemd[1]: Starting Uncomplicated firewall...
         Starting Uncomplicated firewall...
[    5.412130] systemd[1]: Listening on LVM2 metadata daemon socket.
[[0;32m  OK  [0m] Listening on LVM2 metadata daemon socket.
[    5.417813] systemd[1]: Starting Load Kernel Modules...
         Starting Load Kernel Modules...
[    5.422761] systemd[1]: Created slice User and Session Slice.
[[0;32m  OK  [0m] Created slice User and Session Slice.
[    5.427578] systemd[1]: Reached target Slices.
[[0;32m  OK  [0m] Reached target Slices.
[    5.431767] systemd[1]: Starting Create list of required static device nodes for the current kernel...
         Starting Create list of required st... nodes for the current kernel...
[    5.438311] Loading iSCSI transport class v2.0-870.
[    5.444112] systemd[1]: Listening on Device-mapper event daemon FIFOs.
[[0;32m  OK  [0m] Listening on Device-mapper event daemon FIFOs.
[    5.447652] systemd[1]: Starting Monitoring of LVM2 mirrors, snapshots etc. using dmeventd or progress polling...
         Starting Monitoring of LVM2 mirrors... dmeventd or progress polling...
[    5.452051] systemd[1]: Listening on LVM2 poll daemon socket.
[[0;32m  OK  [0m] Listening on LVM2 poll daemon socket.
[    5.456461] iscsi: registered transport (tcp)
[    5.456553] systemd[1]: Mounting Huge Pages File System...
         Mounting Huge Pages File System...
[    5.461310] systemd[1]: Started Trigger resolvconf update for networkd DNS.
[[0;32m  OK  [0m] Started Trigger resolvconf update for networkd DNS.
[    5.464408] systemd[1]: Reached target System Time Synchronized.
[[0;32m  OK  [0m] Reached target System Time Synchronized.
[    5.484363] systemd[1]: Mounting POSIX Message Queue File System...
         Mounting POSIX Message Queue File System...
[    5.488291] systemd[1]: Listening on Journal Socket (/dev/log).
[[0;32m  OK  [0m] Listening on Journal Socket (/dev/log).
[    5.494647] systemd[1]: Starting Journal Service...
         Starting Journal Service...
[    5.500680] systemd[1]: Reached target User and Group Name Lookups.
[[0;32m  OK  [0m] Reached target User and Group Name Lookups.
[    5.505552] systemd[1]: Mounted Huge Pages File System.
[[0;32m  OK  [0m] Mounted Huge Pages File System.
[    5.519183] systemd[1]: Mounted Debug File System.
[[0;32m  OK  [0m] Mounted Debug File System.
[    5.521928] systemd[1]: Mounted POSIX Message Queue File System.
[[0;32m  OK  [0[    5.524440] iscsi: registered transport (iser)
m] Mounted POSIX Message Queue File System.
[    5.529239] systemd[1]: Started Set console keymap.
[[0;32m  OK  [0m] Started Set console keymap.
[    5.545356] systemd[1]: Started File System Check on Root Device.
[[0;32m  OK  [0m] Started File System Check on Root Device.
[    5.548489] systemd[1]: Started Uncomplicated firewall.
[[0;32m  OK  [0m] Started Uncomplicated firewall.
[    5.551788] systemd[1]: Started Load Kernel Modules.
[[0;32m  OK  [0m] Started Load Kernel Modules.
[    5.554705] systemd[1]: Started Create list of required static device nodes for the current kernel.
[[0;32m  OK  [0m] Started Create list of required sta...ce nodes for the current kernel.
[    5.561560] systemd[1]: Started Nameserver information manager.
[[0;32m  OK  [0m] Started Nameserver information manager.
[    5.567304] systemd[1]: Started Journal Service.
[[0;32m  OK  [0m] Started Journal Service.
[[0;32m  OK  [0m] Started File System Check Daemon to report status.
[[0;32m  OK  [0m] Started LVM2 metadata daemon.
         Starting Create Static Device Nodes in /dev...
         Mounting FUSE Control File System...
         Starting Apply Kernel Variables...
         Starting Remount Root and Kernel File Systems...
[[0;32m  OK  [0m] Mounted FUSE Control File System.
[[0;32m  OK  [0m] Started Create Static Device Nodes in /dev.
[[0;32m  OK  [0m] Started Apply Kernel Variables.
[[0;32m  OK  [0m] Started Remount Root and Kernel File Systems.
         Starting Flush Journal to Persistent Storage...
         Starting Load/Save Random Seed...
         Starting udev Coldplug all Devices...
         Starting udev Kernel Device Manager...
[[0;32m  OK  [0m] Started Load/Save Random Seed.
[[0;32m  OK  [0m] Started udev Kernel Device Manager.
[[0;32m  OK  [0m] Started Flush Journal to Persistent Storage.
[[0;32m  OK  [0m] Started udev Coldplug all Devices.
[[0;32m  OK  [0m] Started Dispatch Password Requests to Console Directory Watch.
[[0;32m  OK  [0m] Started Monitoring of LVM2 mirrors,...ng dmeventd or progress polling.
[[0;32m  OK  [0m] Reached target Local File Systems (Pre).
[[0;32m  OK  [0m] Reached target Local File Systems.
         Starting Commit a transient machine-id on disk...
         Starting Create Volatile Files and Directories...
         Starting Initial cloud-init job (pre-networking)...
         Starting Set console font and keymap...
         Starting LSB: AppArmor initialization...
         Starting Tell Plymouth To Write Out Runtime Data...
[[0;32m  OK  [0m] Started Create Volatile Files and Directories.
         Starting Update UTMP about System Boot/Shutdown...
[[0;32m  OK  [0m] Started Commit a transient machine-id on disk.
[[0;32m  OK  [0m] Started Tell Plymouth To Write Out Runtime Data.
[[0;32m  OK  [0m] Started Update UTMP about System Boot/Shutdown.
[[0;32m  OK  [0m] Found device /dev/ttyS0.
[[0;32m  OK  [0m] Listening on Load/Save RF Kill Switch Status /dev/rfkill Watch.
[    7.967114] [[0;32m  OK  [0m] Started LSB: AppArmor initialization.
cloud-init[485]: Cloud-init v. 20.4.1-0ubuntu1~16.04.1 running 'init-local' at Wed, 14 Apr 2021 16:03:24 +0000. Up 7.28 seconds.
         Starting Load AppArmor profiles managed internally by snapd...
[[0;32m  OK  [0m] Started Set console font and keymap.
[[0;32m  OK  [0m] Created slice system-getty.slice.
[[0;32m  OK  [0m] Started Load AppArmor profiles managed internally by snapd.
[[0;32m  OK  [0m] Started Initial cloud-init job (pre-networking).
[[0;32m  OK  [0m] Reached target Network (Pre).
         Starting Raise network interfaces...
[[0;32m  OK  [0m] Started Raise network interfaces.
[[0;32m  OK  [0m] Reached target Network.
         Starting Initial cloud-init job (metadata service crawler)...
[   10.119384] cloud-init[955]: Cloud-init v. 20.4.1-0ubuntu1~16.04.1 running 'init' at Wed, 14 Apr 2021 16:03:26 +0000. Up 9.32 seconds.
[   10.121077] cloud-init[955]: ci-info: ++++++++++++++++++++++++++++++++++++++Net device info+++++++++++++++++++++++++++++++++++++++
[   10.123082] cloud-init[955]: ci-info: +--------+-------+----------------------------+---------------+--------+-------------------+
[   10.124994] cloud-init[955]: ci-info: | Device |   Up  |          Address           |      Mask     | Scope  |     Hw-Address    |
[   10.133337] cloud-init[955]: ci-info: +--------+-------+----------------------------+---------------+--------+-------------------+
[   10.140752] cloud-init[955]: ci-info: | enp0s3 |  True |         10.0.2.15          | 255.255.255.0 | global | 02:b5:11:9f:b1:da |
[   10.148784] cloud-init[955]: ci-info: | enp0s3 |  True | fe80::b5:11ff:fe9f:b1da/64 |       .       |  link  | 02:b5:11:9f:b1:da |
[   10.156376] cloud-init[955]: ci-info: | enp0s8 | False |             .              |       .       |   .    | 08:00:27:fc:dc:2d |
[   10.157651] cloud-init[955]: ci-info: |   lo   |  True |         127.0.0.1          |   255.0.0.0   |  host  |         .         |
[   10.165329] cloud-init[955]: ci-info: |   lo   |  True |          ::1/128           |       .       |  host  |         .         |
[   10.173053] cloud-init[955]: ci-info: +--------+-------+----------------------------+---------------+--------+-------------------+
[   10.174665] cloud-init[955]: ci-info: +++++++++++++++++++++++++++Route IPv4 info++++++++++++++++++++++++++++
[   10.175953] cloud-init[955]: ci-info: +-------+-------------+----------+---------------+-----------+-------+
[   10.185367] cloud-init[955]: ci-info: | Route | Destination | Gateway  |    Genmask    | Interface | Flags |
[   10.192473] cloud-init[955]: ci-info: +-------+-------------+----------+---------------+-----------+-------+
[   10.201422] [cloud-init[0;32m  OK  [0m] Started Initial cloud-init job (metadata service crawler).
[955]: ci-info: |   0   |   0.0.0.0   | 10.0.2.2 |    0.0.0.0    |   enp0s3  |   UG  |
[   10.213031] [cloud-init[0;32m  OK  [0m[955]: ] ci-info: |   1   |   10.0.2.0  | 0.0.0.0  | 255.255.255.0 |   enp0s3  |   U   |Reached target System Initialization.

[[0;32m  OK  [0m] Listening on D-Bus System Message Bus Socket.
[   10.215293] [[0;32m  OK  [0m] Started Daily Cleanup of Temporary Directories.
cloud-init[955]: ci-info: +-------+-------------+----------+---------------+-----------+-------+[
[0;32m  OK  [0m] Started Daily apt download activities.
[[0;32m  OK  [0m] Started Daily apt upgrade and clean activities.
[[0;32m  OK  [0m] Listening on UUID daemon activation socket.
[   10.220085] [cloud-init[0;32m  OK  [0m[955]: ] ci-info: +++++++++++++++++++Route IPv6 info+++++++++++++++++++Started Message of the Day.

[[0;32m  OK  [0m] Reached target Timers.
[   10.220820] cloud-init[955]: ci-info: +-------+-------------+---------+-----------+-------+
[   10.222388] cloud-init[955]: ci-info: | Route | Destination | Gateway | Interface | Flags |
[   10.228501] [cloud-init[0;32m  OK  [0m[955]: ] ci-info: +-------+-------------+---------+-----------+-------+Started ACPI Events Check.

[   10.229586] [cloud-init[0;32m  OK  [0m[955]: ] ci-info: |   0   |  fe80::/64  |    ::   |   enp0s3  |   U   |Reached target Paths.

[   10.236343] cloud-init[955]: ci-info: |   3   |   ff00::/8  |    ::   |   enp0s3  |   U   |
[   10.237360] cloud-init[955]: ci-info: +-------+-------------+---------+-----------+-------+
[   10.238492] cloud-init[955]: Generating public/private rsa key pair.
[   10.239449] cloud-init[955]: Your identification has been saved in /etc/ssh/ssh_host_rsa_key.
[   10.249834] cloud-init[955]: Your public key has been saved in /etc/ssh/ssh_host_rsa_key.pub.
[   10.252771] cloud-init[955]: The key fingerprint is:
[   10.260697] cloud-init[955]: SHA256:ms9oV8edxrR4mYMtJ5rofrkS3KnYXxI9XUSUCuZA8/M root@ubuntu-xenial
[   10.269086] cloud-init[955]: The key's randomart image is:
         Starting LXD - unix socket.
         Starting Socket activation for snappy daemon.
[[0;32m  OK  [0m] Listening on ACPID Listen Socket.
[   10.272765] [cloud-init[0;32m  OK  [0m[955]: ] +---[RSA 2048]----+Reached target Cloud-config availability.

[   10.281420] [[0;32m  OK  [0m] Reached target Network is Online.
cloud-init[955]: |        .o     o=|
[   10.284787] cloud-init[955]: |         .oo   o |
[   10.292245] cloud-init[955]: |          +o. . .|
[   10.293110] cloud-init[955]: |           ooo.. |
[   10.301507] cloud-init[955]: |       .S..ooE.= |
[   10.310997]          cloud-initStarting iSCSI initiator daemon (iscsid)...[955]: 
|       oo +.B.&  |
[   10.312141] [cloud-init[0;32m  OK  [0m[955]: ] |      oo =.=.* . |Listening on LXD - unix socket.

[   10.313870] [cloud-init[0;32m  OK  [0m[955]: ] |      o+* =o     |Listening on Socket activation for snappy daemon.

[   10.315031] cloud-init[955]: [[0;32m  OK  [0m] Reached target Sockets.
[[0;32m  OK  [0m] Reached target Basic System.
|     ..+=+o.     |
         Starting /etc/rc.local Compatibility...
[   10.321133] cloud-init[955]: +----[SHA256]-----+
[   10.322050] cloud-init[955]: Generating public/private dsa key pair.
[   10.323240] cloud-init[955]: Your identification has been saved in /etc/ssh/ssh_host_dsa_key.
         Starting Login Service...
[   10.327735] cloud-init[955]: Your public key has been saved in /etc/ssh/ssh_host_dsa_key.pub.
[   10.344303] [cloud-init[0;32m  OK  [0m[955]: ] The key fingerprint is:Started Regular background program processing daemon.

[   10.344928] cloud-init[955]: SHA256:KyS92hY/RmQu4Ybi/AhZqJdLAxly/TgTswEU2+9U5Hs root@ubuntu-xenial
[   10.346451]          cloud-initStarting Virtualbox guest utils...[955]: 
The key's randomart image is:
[[0;32m  OK  [0m] Started FUSE filesystem for LXC.
[   10.354077] cloud-init[955]: +---[DSA 1024]----+
[   10.361189] cloud-init[955]: | .+.    .        |
         Starting Snap Daemon...
[   10.370277] cloud-init[955]: |   =   o         |
         Starting LSB: MD monitoring daemon...
[   10.371992] cloud-init[955]: |o o *   o        |
[   10.374102]          cloud-initStarting Accounts Service...[955]: 
|.=   X..o.       |
[   10.376895] cloud-init[955]: |+ . *o*=S E      |
[[0;32m  OK  [0m] Started Deferred execution scheduler.
[[0;32m  OK  [0m] Started ACPI event daemon.
[   10.380744] cloud-init[955]: |.+...B=.oo       |
[   10.392160]          Starting System Logging Service...
         Starting LXD - container startup/shutdown...
cloud-init         Starting LSB: Record successful boot for GRUB...
[955]: |+o=. .+=.        |
[   10.421160]          Starting Pollinate to seed the pseudo random number generator...
cloud-init[955]: | +o+ o..+        |
[   10.423472] cloud-init[[0;32m  OK  [0m] Started D-Bus System Message Bus.
[955]: |  o.o... .       |
[   10.434993] cloud-init[955]: +----[SHA256]-----+
[   10.439599] cloud-init[955]: Generating public/private ecdsa key pair.
[   10.452265] cloud-init[955]: Your identification has been saved in /etc/ssh/ssh_host_ecdsa_key.
[   10.454521] cloud-init[955]: Your public key has been saved in /etc/ssh/ssh_host_ecdsa_key.pub.
[   10.456388] cloud-init[955]: The key fingerprint is:
[   10.462281] cloud-init[955]: SHA256:7EIfp0ekrsqolnD7z43iT6nf6mB7PXITB0OI+pj3s0M root@ubuntu-xenial
[   10.473218] cloud-init[955]: The key's randomart image is:
[   10.484775] cloud-init[955]: +---[ECDSA 256]---+
[   10.486990] cloud-init[955]: |     . .         |
[   10.488413] cloud-init[955]: |    . . .        |
[   10.489848] cloud-init[955]: |   .   .  .      |
[   10.491256] cloud-init[955]: |  .    .oo       |
[   10.492934] cloud-init[955]: |   +  . Soo      |
[   10.494324] cloud-init[955]: |. + o.E=.=.      |
[   10.500399] cloud-init[955]: |...ooo+.=o.      |
[   10.501818] cloud-init[955]: | o.+.***=.       |
[   10.502878] cloud-init[955]: |o..oBO@Boo       |
[   10.506149] cloud-init[955]: +----[SHA256]-----+
[   10.507790] cloud-init[955]: Generating public/private ed25519 key pair.
[   10.509687] cloud-init[955]: Your identification has been saved in /etc/ssh/ssh_host_ed25519_key.
[   10.521934] cloud-init[955]: Your public key has been saved in /etc/ssh/ssh_host_ed25519_key.pub.
[[0;32m  OK  [0m] Started System Logging Service.
[[0;32m  OK  [0m] Started iSCSI initiator daemon (iscsid).
[[0;32m  OK  [0m] Started /etc/rc.local Compatibility.
[   10.529929] cloud-init[955]: The key fingerprint is:
[   10.543176] cloud-init[955]: SHA256:v+Dcf5gf9VLoFmciw14oEhImJ1bQLHHxFO5ElTvhFp0 root@ubuntu-xenial
[   10.552921] cloud-init[955]: The key's randomart image is:
[   10.574250] cloud-init[955]: +--[ED25519 256]--+
[   10.580720] cloud-init[955]: |    **B.+o.o .   |
         Starting Login to default iSCSI targets...
[[0;32m  OK  [0m] Started Login Service.
[[0;32m  OK  [0m] Started Unattended Upgrades Shutdown.
[   10.587802] cloud-init[955]: |   ..*o*  + E    |
         Starting Authenticate and Authorize Users to Run Privileged Tasks...
[   10.599586] cloud-init[955]: |     .. =. +     |
[   10.613915] cloud-init[955]: |       + .=. . . |
[   10.622175] cloud-init[955]: |        S...= = =|
[   10.624336] cloud-init[955]: |         o o = B.|
[   10.626562] cloud-init[955]: |        . . .o= .|
[   10.627818] cloud-init[955]: |       o o .o..o |
[   10.647449] cloud-init[955]: |        o o..o.  |
[   10.653527] cloud-init[955]: +----[SHA256]-----+
[[0;32m  OK  [0m] Started LSB: Record successful boot for GRUB.
[[0;32m  OK  [0m] Started LSB: MD monitoring daemon.
[[0;32m  OK  [0m] Started Authenticate and Authorize Users to Run Privileged Tasks.
[[0;32m  OK  [0m] Started Login to default iSCSI targets.
[[0;32m  OK  [0m] Reached target Remote File Systems (Pre).
[[0;32m  OK  [0m] Reached target Remote File Systems.
         Starting LSB: automatic crash report generation...
         Starting LSB: Set the CPU Frequency Scaling governor to "ondemand"...
         Starting Permit User Sessions...
         Starting LSB: daemon to balance interrupts for SMP systems...
[[0;32m  OK  [0m] Started LXD - container startup/shutdown.
[[0;32m  OK  [0m] Started Permit User Sessions.
[[0;32m  OK  [0m] Started Accounts Service.
         Starting Terminate Plymouth Boot Screen...
         Starting Hold until boot process finishes up...
[[0;32m  OK  [0m] Started Terminate Plymouth Boot Screen.
[[0;32m  OK  [0m] Started Hold until boot process finishes up.
[[0;32m  OK  [0m] Started Serial Getty on ttyS0.
[[0;32m  OK  [0m] Started Getty on tty1.
[[0;32m  OK  [0m] Reached target Login Prompts.
         Starting Set console scheme...
[[0;32m  OK  [0m] Started LSB: Set the CPU Frequency Scaling governor to "ondemand".
[[0;32m  OK  [0m] Started Set console scheme.
[[0;32m  OK  [0m] Started LSB: daemon to balance interrupts for SMP systems.
[[0;32m  OK  [0m] Started Virtualbox guest utils.
[[0;32m  OK  [0m] Started LSB: automatic crash report generation.
[[0;32m  OK  [0m] Started Snap Daemon.
         Starting Wait until snapd is fully seeded...
[[0;32m  OK  [0m] Started Pollinate to seed the pseudo random number generator.
         Starting OpenBSD Secure Shell server...
[[0;32m  OK  [0m] Started OpenBSD Secure Shell server.
[[0;32m  OK  [0m] Started Wait until snapd is fully seeded.
         Starting Apply the settings specified in cloud-config...
[[0;32m  OK  [0m] Reached target Multi-User System.
[[0;32m  OK  [0m] Reached target Graphical Interface.
         Starting Update UTMP about System Runlevel Changes...
[[0;32m  OK  [0m] Started Update UTMP about System Runlevel Changes.
[[0;32m  OK  [0m] Created slice User Slice of vagrant.
         Starting User Manager for UID 1000...
[[0;32m  OK  [0m] Started Session 1 of user vagrant.
[[0;32m  OK  [0m] Started User Manager for UID 1000.
[   13.136777] cloud-init[1313]: Generating locales (this might take a while)...
[   15.442650] cloud-init[1313]:   en_US.UTF-8... done
[   15.444785] cloud-init[1313]: Generation complete.
[   16.252406] cloud-init[1313]: Cloud-init v. 20.4.1-0ubuntu1~16.04.1 running 'modules:config' at Wed, 14 Apr 2021 16:03:30 +0000. Up 12.83 seconds.

Ubuntu 16.04.7 LTS ubuntu-xenial ttyS0

ubuntu-xenial login: ci-info: no authorized SSH keys fingerprints found for user ubuntu.
<14>Apr 14 16:03:34 ec2: 
<14>Apr 14 16:03:34 ec2: #############################################################
<14>Apr 14 16:03:34 ec2: -----BEGIN SSH HOST KEY FINGERPRINTS-----
<14>Apr 14 16:03:34 ec2: 1024 SHA256:KyS92hY/RmQu4Ybi/AhZqJdLAxly/TgTswEU2+9U5Hs root@ubuntu-xenial (DSA)
<14>Apr 14 16:03:34 ec2: 256 SHA256:7EIfp0ekrsqolnD7z43iT6nf6mB7PXITB0OI+pj3s0M root@ubuntu-xenial (ECDSA)
<14>Apr 14 16:03:34 ec2: 256 SHA256:v+Dcf5gf9VLoFmciw14oEhImJ1bQLHHxFO5ElTvhFp0 root@ubuntu-xenial (ED25519)
<14>Apr 14 16:03:34 ec2: 2048 SHA256:ms9oV8edxrR4mYMtJ5rofrkS3KnYXxI9XUSUCuZA8/M root@ubuntu-xenial (RSA)
<14>Apr 14 16:03:34 ec2: -----END SSH HOST KEY FINGERPRINTS-----
<14>Apr 14 16:03:34 ec2: #############################################################
-----BEGIN SSH HOST KEY KEYS-----
ecdsa-sha2-nistp256 AAAAE2VjZHNhLXNoYTItbmlzdHAyNTYAAAAIbmlzdHAyNTYAAABBBGdI1ScdWGibQJFETHMe/xTBnrmQRgpFM2YimNuipgm8PlbHWjTi0x30STzsMtvyAi6yCbE9DyaJkUtn/QI5+rc= root@ubuntu-xenial
ssh-ed25519 AAAAC3NzaC1lZDI1NTE5AAAAIA6W3l/rXX3NjR01foEbVyrpRgOdR+cFvqis5gqPs+FS root@ubuntu-xenial
ssh-rsa AAAAB3NzaC1yc2EAAAADAQABAAABAQChjipyemlDa6oKUZBU17R3ZW9gd3A4F24iBRD1l33XF6BVeJqTzInDZSOJy3xSoYPIGiKmTtn0Au/sWyNADUCwrQ2O42y+RTpzS9a8FlWPUYfkefrLJsex+MxTUcWqhzxT487IDm/IUFUxjMb9fWlbV+0F3LMshFjdM3z6kO8y/t626sLuCK4NL+/VOjQis3IbePhufquIutvHTqaDwPRVR0geVuPEBaCVOK/xPP+qed1n4OOcymEg3lhMmv9XeuerijXvRdhowcrzzKTqFhCWIs/JlSSA/6/NE2xnNW8KQOQel3/6L3QDkcBGSfDTG/zS3BKqVi8T454nWwc/FbmJ root@ubuntu-xenial
-----END SSH HOST KEY KEYS-----
[   17.550903] cloud-init[1535]: Cloud-init v. 20.4.1-0ubuntu1~16.04.1 running 'modules:final' at Wed, 14 Apr 2021 16:03:34 +0000. Up 17.22 seconds.
[   17.555034] cloud-init[1535]: ci-info: no authorized SSH keys fingerprints found for user ubuntu.
[   17.557608] cloud-init[1535]: Cloud-init v. 20.4.1-0ubuntu1~16.04.1 finished at Wed, 14 Apr 2021 16:03:34 +0000. Datasource DataSourceNoCloud [seed=/dev/sdb][dsmode=net].  Up 17.54 seconds
