[    0.000000] Initializing cgroup subsys cpuset
[    0.000000] Initializing cgroup subsys cpu
[    0.000000] Initializing cgroup subsys cpuacct
[    0.000000] Linux version 4.4.0-206-generic (buildd@lgw01-amd64-039) (gcc version 5.4.0 20160609 (Ubuntu 5.4.0-6ubuntu1~16.04.12) ) #238-Ubuntu SMP Tue Mar 16 07:52:37 UTC 2021 (Ubuntu 4.4.0-206.238-generic 4.4.254)
[    0.000000] Command line: BOOT_IMAGE=/boot/vmlinuz-4.4.0-206-generic root=LABEL=cloudimg-rootfs ro console=tty1 console=ttyS0
[    0.000000] KERNEL supported cpus:
[    0.000000]   Intel GenuineIntel
[    0.000000]   AMD AuthenticAMD
[    0.000000]   Centaur CentaurHauls
[    0.000000] x86/fpu: xstate_offset[2]:  576, xstate_sizes[2]:  256
[    0.000000] x86/fpu: Supporting XSAVE feature 0x01: 'x87 floating point registers'
[    0.000000] x86/fpu: Supporting XSAVE feature 0x02: 'SSE registers'
[    0.000000] x86/fpu: Supporting XSAVE feature 0x04: 'AVX registers'
[    0.000000] x86/fpu: Enabled xstate features 0x7, context size is 832 bytes, using 'standard' format.
[    0.000000] e820: BIOS-provided physical RAM map:
[    0.000000] BIOS-e820: [mem 0x0000000000000000-0x000000000009fbff] usable
[    0.000000] BIOS-e820: [mem 0x000000000009fc00-0x000000000009ffff] reserved
[    0.000000] BIOS-e820: [mem 0x00000000000f0000-0x00000000000fffff] reserved
[    0.000000] BIOS-e820: [mem 0x0000000000100000-0x000000003ffeffff] usable
[    0.000000] BIOS-e820: [mem 0x000000003fff0000-0x000000003fffffff] ACPI data
[    0.000000] BIOS-e820: [mem 0x00000000fec00000-0x00000000fec00fff] reserved
[    0.000000] BIOS-e820: [mem 0x00000000fee00000-0x00000000fee00fff] reserved
[    0.000000] BIOS-e820: [mem 0x00000000fffc0000-0x00000000ffffffff] reserved
[    0.000000] NX (Execute Disable) protection: active
[    0.000000] SMBIOS 2.5 present.
[    0.000000] Hypervisor detected: KVM
[    0.000000] Kernel/User page tables isolation: disabled
[    0.000000] e820: last_pfn = 0x3fff0 max_arch_pfn = 0x400000000
[    0.000000] MTRR: Disabled
[    0.000000] x86/PAT: MTRRs disabled, skipping PAT initialization too.
[    0.000000] CPU MTRRs all blank - virtualized system.
[    0.000000] x86/PAT: Configuration [0-7]: WB  WT  UC- UC  WB  WT  UC- UC  
[    0.000000] found SMP MP-table at [mem 0x0009fff0-0x0009ffff] mapped at [ffff88000009fff0]
[    0.000000] Scanning 1 areas for low memory corruption
[    0.000000] RAMDISK: [mem 0x362de000-0x37166fff]
[    0.000000] ACPI: Early table checksum verification disabled
[    0.000000] ACPI: RSDP 0x00000000000E0000 000024 (v02 VBOX  )
[    0.000000] ACPI: XSDT 0x000000003FFF0030 00003C (v01 VBOX   VBOXXSDT 00000001 ASL  00000061)
[    0.000000] ACPI: FACP 0x000000003FFF00F0 0000F4 (v04 VBOX   VBOXFACP 00000001 ASL  00000061)
[    0.000000] ACPI: DSDT 0x000000003FFF0470 002325 (v02 VBOX   VBOXBIOS 00000002 INTL 20100528)
[    0.000000] ACPI: FACS 0x000000003FFF0200 000040
[    0.000000] ACPI: FACS 0x000000003FFF0200 000040
[    0.000000] ACPI: APIC 0x000000003FFF0240 00005C (v02 VBOX   VBOXAPIC 00000001 ASL  00000061)
[    0.000000] ACPI: SSDT 0x000000003FFF02A0 0001CC (v01 VBOX   VBOXCPUT 00000002 INTL 20100528)
[    0.000000] No NUMA configuration found
[    0.000000] Faking a node at [mem 0x0000000000000000-0x000000003ffeffff]
[    0.000000] NODE_DATA(0) allocated [mem 0x3ffeb000-0x3ffeffff]
[    0.000000] kvm-clock: Using msrs 4b564d01 and 4b564d00
[    0.000000] kvm-clock: cpu 0, msr 0:3ffe3001, primary cpu clock
[    0.000000] kvm-clock: using sched offset of 3703589576 cycles
[    0.000000] clocksource: kvm-clock: mask: 0xffffffffffffffff max_cycles: 0x1cd42e4dffb, max_idle_ns: 881590591483 ns
[    0.000000] Zone ranges:
[    0.000000]   DMA      [mem 0x0000000000001000-0x0000000000ffffff]
[    0.000000]   DMA32    [mem 0x0000000001000000-0x000000003ffeffff]
[    0.000000]   Normal   empty
[    0.000000]   Device   empty
[    0.000000] Movable zone start for each node
[    0.000000] Early memory node ranges
[    0.000000]   node   0: [mem 0x0000000000001000-0x000000000009efff]
[    0.000000]   node   0: [mem 0x0000000000100000-0x000000003ffeffff]
[    0.000000] Initmem setup node 0 [mem 0x0000000000001000-0x000000003ffeffff]
[    0.000000] ACPI: PM-Timer IO Port: 0x4008
[    0.000000] IOAPIC[0]: apic_id 2, version 32, address 0xfec00000, GSI 0-23
[    0.000000] ACPI: INT_SRC_OVR (bus 0 bus_irq 0 global_irq 2 dfl dfl)
[    0.000000] ACPI: INT_SRC_OVR (bus 0 bus_irq 9 global_irq 9 low level)
[    0.000000] Using ACPI (MADT) for SMP configuration information
[    0.000000] smpboot: Allowing 2 CPUs, 0 hotplug CPUs
[    0.000000] PM: Registered nosave memory: [mem 0x00000000-0x00000fff]
[    0.000000] PM: Registered nosave memory: [mem 0x0009f000-0x0009ffff]
[    0.000000] PM: Registered nosave memory: [mem 0x000a0000-0x000effff]
[    0.000000] PM: Registered nosave memory: [mem 0x000f0000-0x000fffff]
[    0.000000] e820: [mem 0x40000000-0xfebfffff] available for PCI devices
[    0.000000] Booting paravirtualized kernel on KVM
[    0.000000] clocksource: refined-jiffies: mask: 0xffffffff max_cycles: 0xffffffff, max_idle_ns: 7645519600211568 ns
[    0.000000] setup_percpu: NR_CPUS:512 nr_cpumask_bits:512 nr_cpu_ids:2 nr_node_ids:1
[    0.000000] PERCPU: Embedded 33 pages/cpu @ffff88003fc00000 s95640 r8192 d31336 u1048576
[    0.000000] Built 1 zonelists in Node order, mobility grouping on.  Total pages: 257912
[    0.000000] Policy zone: DMA32
[    0.000000] Kernel command line: BOOT_IMAGE=/boot/vmlinuz-4.4.0-206-generic root=LABEL=cloudimg-rootfs ro console=tty1 console=ttyS0
[    0.000000] PID hash table entries: 4096 (order: 3, 32768 bytes)
[    0.000000] Memory: 997656K/1048120K available (8641K kernel code, 1337K rwdata, 4044K rodata, 1496K init, 1296K bss, 50464K reserved, 0K cma-reserved)
[    0.000000] SLUB: HWalign=64, Order=0-3, MinObjects=0, CPUs=2, Nodes=1
[    0.000000] Hierarchical RCU implementation.
[    0.000000] 	Build-time adjustment of leaf fanout to 64.
[    0.000000] 	RCU restricting CPUs from NR_CPUS=512 to nr_cpu_ids=2.
[    0.000000] RCU: Adjusting geometry for rcu_fanout_leaf=64, nr_cpu_ids=2
[    0.000000] NR_IRQS:33024 nr_irqs:440 16
[    0.000000] Console: colour VGA+ 80x25
[    0.000000] console [tty1] enabled
[    0.000000] console [ttyS0] enabled
[    0.000000] tsc: Detected 1799.998 MHz processor
[    0.187099] Calibrating delay loop (skipped) preset value.. 3599.99 BogoMIPS (lpj=7199992)
[    0.190260] pid_max: default: 32768 minimum: 301
[    0.191292] ACPI: Core revision 20150930
[    0.193132] ACPI: 2 ACPI AML tables successfully acquired and loaded
[    0.194624] Security Framework initialized
[    0.195642] Yama: becoming mindful.
[    0.196510] AppArmor: AppArmor initialized
[    0.197535] Dentry cache hash table entries: 131072 (order: 8, 1048576 bytes)
[    0.199226] Inode-cache hash table entries: 65536 (order: 7, 524288 bytes)
[    0.204544] Mount-cache hash table entries: 2048 (order: 2, 16384 bytes)
[    0.207178] Mountpoint-cache hash table entries: 2048 (order: 2, 16384 bytes)
[    0.209239] Initializing cgroup subsys io
[    0.210577] Initializing cgroup subsys memory
[    0.211648] Initializing cgroup subsys devices
[    0.212655] Initializing cgroup subsys freezer
[    0.213695] Initializing cgroup subsys net_cls
[    0.214677] Initializing cgroup subsys perf_event
[    0.215745] Initializing cgroup subsys net_prio
[    0.216802] Initializing cgroup subsys hugetlb
[    0.217851] Initializing cgroup subsys pids
[    0.239782] mce: CPU supports 0 MCE banks
[    0.241603] Last level iTLB entries: 4KB 64, 2MB 8, 4MB 8
[    0.242943] Last level dTLB entries: 4KB 64, 2MB 0, 4MB 0, 1GB 4
[    0.244261] Spectre V1 : Mitigation: usercopy/swapgs barriers and __user pointer sanitization
[    0.246265] Spectre V2 : Mitigation: Full generic retpoline
[    0.247585] Spectre V2 : Spectre v2 / SpectreRSB mitigation: Filling RSB on context switch
[    0.250004] Speculative Store Bypass: Vulnerable
[    0.251149] SRBDS: Unknown: Dependent on hypervisor status
[    0.252883] MDS: Mitigation: Clear CPU buffers
[    0.258382] Freeing SMP alternatives memory: 36K
[    0.269169] ftrace: allocating 32370 entries in 127 pages
[    0.350862] smpboot: APIC(0) Converting physical 0 to logical package 0
[    0.352488] smpboot: Max logical packages: 1
[    0.354017] x2apic enabled
[    0.355283] Switched APIC routing to physical x2apic.
[    0.357977] ..TIMER: vector=0x30 apic1=0 pin1=2 apic2=-1 pin2=-1
[    0.467330] smpboot: CPU0: Intel(R) Core(TM) i5-8265U CPU @ 1.60GHz (family: 0x6, model: 0x8e, stepping: 0xb)
[    0.470083] Performance Events: unsupported p6 CPU model 142 no PMU driver, software events only.
[    0.483450] KVM setup paravirtual spinlock
[    0.485303] x86: Booting SMP configuration:
[    0.486591] .... node  #0, CPUs:      #1
[    0.488733] kvm-clock: cpu 1, msr 0:3ffe3041, secondary cpu clock
[    0.506442] mce: CPU supports 0 MCE banks
[    0.509355] x86: Booted up 1 node, 2 CPUs
[    0.510448] smpboot: Total of 2 processors activated (7199.99 BogoMIPS)
[    0.512538] devtmpfs: initialized
[    0.515629] evm: security.selinux
[    0.516659] evm: security.SMACK64
[    0.518694] evm: security.SMACK64EXEC
[    0.519872] evm: security.SMACK64TRANSMUTE
[    0.521727] evm: security.SMACK64MMAP
[    0.523276] evm: security.ima
[    0.524025] evm: security.capability
[    0.525202] clocksource: jiffies: mask: 0xffffffff max_cycles: 0xffffffff, max_idle_ns: 7645041785100000 ns
[    0.527384] futex hash table entries: 512 (order: 3, 32768 bytes)
[    0.529874] pinctrl core: initialized pinctrl subsystem
[    0.531083] RTC time: 15:51:35, date: 04/14/21
[    0.535499] NET: Registered protocol family 16
[    0.549165] cpuidle: using governor ladder
[    0.561950] cpuidle: using governor menu
[    0.563229] PCCT header not found.
[    0.564419] ACPI: bus type PCI registered
[    0.565429] acpiphp: ACPI Hot Plug PCI Controller Driver version: 0.5
[    0.566845] PCI: Using configuration type 1 for base access
[    0.581489] ACPI: Added _OSI(Module Device)
[    0.582470] ACPI: Added _OSI(Processor Device)
[    0.583859] ACPI: Added _OSI(3.0 _SCP Extensions)
[    0.585427] ACPI: Added _OSI(Processor Aggregator Device)
[    0.588702] ACPI: Executed 1 blocks of module-level executable AML code
[    0.592976] ACPI: Interpreter enabled
[    0.594105] ACPI: (supports S0 S5)
[    0.594893] ACPI: Using IOAPIC for interrupt routing
[    0.596095] PCI: Using host bridge windows from ACPI; if necessary, use "pci=nocrs" and report a bug
[    0.601485] ACPI: PCI Root Bridge [PCI0] (domain 0000 [bus 00-ff])
[    0.603197] acpi PNP0A03:00: _OSC: OS supports [ASPM ClockPM Segments MSI]
[    0.605721] acpi PNP0A03:00: _OSC: not requesting OS control; OS requires [ExtendedConfig ASPM ClockPM MSI]
[    0.607980] acpi PNP0A03:00: fail to add MMCONFIG information, can't access extended PCI configuration space under this bridge.
[    0.611078] PCI host bridge to bus 0000:00
[    0.612062] pci_bus 0000:00: root bus resource [io  0x0000-0x0cf7 window]
[    0.613494] pci_bus 0000:00: root bus resource [io  0x0d00-0xffff window]
[    0.614819] pci_bus 0000:00: root bus resource [mem 0x000a0000-0x000bffff window]
[    0.616412] pci_bus 0000:00: root bus resource [mem 0x40000000-0xfdffffff window]
[    0.618097] pci_bus 0000:00: root bus resource [bus 00-ff]
[    0.622273] pci 0000:00:01.1: legacy IDE quirk: reg 0x10: [io  0x01f0-0x01f7]
[    0.623663] pci 0000:00:01.1: legacy IDE quirk: reg 0x14: [io  0x03f6]
[    0.624944] pci 0000:00:01.1: legacy IDE quirk: reg 0x18: [io  0x0170-0x0177]
[    0.636386] pci 0000:00:01.1: legacy IDE quirk: reg 0x1c: [io  0x0376]
[    0.666886] pci 0000:00:07.0: quirk: [io  0x4000-0x403f] claimed by PIIX4 ACPI
[    0.668684] pci 0000:00:07.0: quirk: [io  0x4100-0x410f] claimed by PIIX4 SMB
[    0.687491] ACPI: PCI Interrupt Link [LNKA] (IRQs 5 9 10 *11)
[    0.690922] ACPI: PCI Interrupt Link [LNKB] (IRQs 5 9 *10 11)
[    0.692809] ACPI: PCI Interrupt Link [LNKC] (IRQs 5 *9 10 11)
[    0.694601] ACPI: PCI Interrupt Link [LNKD] (IRQs 5 9 10 *11)
[    0.696553] ACPI: Enabled 2 GPEs in block 00 to 07
[    0.697906] vgaarb: setting as boot device: PCI:0000:00:02.0
[    0.699242] vgaarb: device added: PCI:0000:00:02.0,decodes=io+mem,owns=io+mem,locks=none
[    0.701040] vgaarb: loaded
[    0.701762] vgaarb: bridge control possible 0000:00:02.0
[    0.703446] SCSI subsystem initialized
[    0.706094] ACPI: bus type USB registered
[    0.707320] usbcore: registered new interface driver usbfs
[    0.708751] usbcore: registered new interface driver hub
[    0.709918] usbcore: registered new device driver usb
[    0.711805] PCI: Using ACPI for IRQ routing
[    0.713184] NetLabel: Initializing
[    0.713967] NetLabel:  domain hash size = 128
[    0.714887] NetLabel:  protocols = UNLABELED CIPSOv4
[    0.715961] NetLabel:  unlabeled traffic allowed by default
[    0.717481] amd_nb: Cannot enumerate AMD northbridges
[    0.718774] clocksource: Switched to clocksource kvm-clock
[    0.735293] AppArmor: AppArmor Filesystem Enabled
[    0.737405] pnp: PnP ACPI init
[    0.743132] pnp: PnP ACPI: found 3 devices
[    0.758804] clocksource: acpi_pm: mask: 0xffffff max_cycles: 0xffffff, max_idle_ns: 2085701024 ns
[    0.761080] NET: Registered protocol family 2
[    0.762247] TCP established hash table entries: 8192 (order: 4, 65536 bytes)
[    0.763818] TCP bind hash table entries: 8192 (order: 5, 131072 bytes)
[    0.765828] TCP: Hash tables configured (established 8192 bind 8192)
[    0.768096] UDP hash table entries: 512 (order: 2, 16384 bytes)
[    0.769563] UDP-Lite hash table entries: 512 (order: 2, 16384 bytes)
[    0.775373] NET: Registered protocol family 1
[    0.776475] pci 0000:00:00.0: Limiting direct PCI/PCI transfers
[    0.777867] pci 0000:00:01.0: Activating ISA DMA hang workarounds
[    0.779275] Unpacking initramfs...
[    1.112269] Freeing initrd memory: 14884K
[    1.113578] clocksource: tsc: mask: 0xffffffffffffffff max_cycles: 0x19f227af07c, max_idle_ns: 440795246167 ns
[    1.115784] platform rtc_cmos: registered platform RTC device (no PNP device found)
[    1.117574] Scanning for low memory corruption every 60 seconds
[    1.119630] audit: initializing netlink subsys (disabled)
[    1.121530] audit: type=2000 audit(1618415501.223:1): initialized
[    1.123778] Initialise system trusted keyring
[    1.125137] HugeTLB registered 2 MB page size, pre-allocated 0 pages
[    1.127819] zbud: loaded
[    1.129015] VFS: Disk quotas dquot_6.6.0
[    1.129930] VFS: Dquot-cache hash table entries: 512 (order 0, 4096 bytes)
[    1.131759] squashfs: version 4.0 (2009/01/31) Phillip Lougher
[    1.136957] fuse init (API version 7.23)
[    1.138502] Key type big_key registered
[    1.139839] Allocating IMA MOK and blacklist keyrings.
[    1.143769] Key type asymmetric registered
[    1.144650] Asymmetric key parser 'x509' registered
[    1.145690] Block layer SCSI generic (bsg) driver version 0.4 loaded (major 249)
[    1.147518] io scheduler noop registered
[    1.148610] io scheduler deadline registered (default)
[    1.149672] io scheduler cfq registered
[    1.150629] pci_hotplug: PCI Hot Plug PCI Core version: 0.5
[    1.151752] pciehp: PCI Express Hot Plug Controller Driver version: 0.4
[    1.154069] ACPI: AC Adapter [AC] (on-line)
[    1.155684] input: Power Button as /devices/LNXSYSTM:00/LNXPWRBN:00/input/input0
[    1.157372] ACPI: Power Button [PWRF]
[    1.158672] input: Sleep Button as /devices/LNXSYSTM:00/LNXSLPBN:00/input/input1
[    1.160861] ACPI: Sleep Button [SLPF]
[    1.162758] ACPI: Battery Slot [BAT0] (battery present)
[    1.164032] GHES: HEST is not enabled!
[    1.165021] Serial: 8250/16550 driver, 32 ports, IRQ sharing enabled
[    1.187277] 00:02: ttyS0 at I/O 0x3f8 (irq = 4, base_baud = 115200) is a 16550A
[    1.191130] Linux agpgart interface v0.103
[    1.194290] loop: module loaded
[    1.195862] scsi host0: ata_piix
[    1.196752] scsi host1: ata_piix
[    1.197537] ata1: PATA max UDMA/33 cmd 0x1f0 ctl 0x3f6 bmdma 0xd000 irq 14
[    1.198829] ata2: PATA max UDMA/33 cmd 0x170 ctl 0x376 bmdma 0xd008 irq 15
[    1.200537] libphy: Fixed MDIO Bus: probed
[    1.201539] tun: Universal TUN/TAP device driver, 1.6
[    1.202652] tun: (C) 1999-2004 Max Krasnyansky <maxk@qualcomm.com>
[    1.204426] PPP generic driver version 2.4.2
[    1.205810] ehci_hcd: USB 2.0 'Enhanced' Host Controller (EHCI) Driver
[    1.207557] ehci-pci: EHCI PCI platform driver
[    1.208607] ehci-platform: EHCI generic platform driver
[    1.209681] ohci_hcd: USB 1.1 'Open' Host Controller (OHCI) Driver
[    1.211106] ohci-pci: OHCI PCI platform driver
[    1.212175] ohci-platform: OHCI generic platform driver
[    1.213260] uhci_hcd: USB Universal Host Controller Interface driver
[    1.214656] i8042: PNP: PS/2 Controller [PNP0303:PS2K,PNP0f03:PS2M] at 0x60,0x64 irq 1,12
[    1.217321] serio: i8042 KBD port at 0x60,0x64 irq 1
[    1.218585] serio: i8042 AUX port at 0x60,0x64 irq 12
[    1.220093] mousedev: PS/2 mouse device common for all mice
[    1.221980] rtc_cmos rtc_cmos: rtc core: registered rtc_cmos as rtc0
[    1.223971] rtc_cmos rtc_cmos: alarms up to one day, 114 bytes nvram
[    1.225376] i2c /dev entries driver
[    1.226385] input: AT Translated Set 2 keyboard as /devices/platform/i8042/serio0/input/input2
[    1.228589] device-mapper: uevent: version 1.0.3
[    1.229788] device-mapper: ioctl: 4.34.0-ioctl (2015-10-28) initialised: dm-devel@redhat.com
[    1.231832] ledtrig-cpu: registered to indicate activity on CPUs
[    1.233592] NET: Registered protocol family 10
[    1.234884] NET: Registered protocol family 17
[    1.236086] Key type dns_resolver registered
[    1.238114] registered taskstats version 1
[    1.239996] Loading compiled-in X.509 certificates
[    1.241747] Loaded X.509 cert 'Build time autogenerated kernel key: 516e255599dc793c39c72783e7b5301ff98d6a80'
[    1.244049] zswap: loaded using pool lzo/zbud
[    1.247432] Key type trusted registered
[    1.253047] Key type encrypted registered
[    1.254015] AppArmor: AppArmor sha1 policy hashing enabled
[    1.255898] ima: No TPM chip found, activating TPM-bypass!
[    1.257360] ima: Allocated hash algorithm: sha1
[    1.258636] evm: HMAC attrs: 0x1
[    1.260116]   Magic number: 1:968:891
[    1.261102] event_source msr: hash matches
[    1.262198] rtc_cmos rtc_cmos: setting system clock to 2021-04-14 15:51:35 UTC (1618415495)
[    1.264557] BIOS EDD facility v0.16 2004-Jun-25, 0 devices found
[    1.265767] EDD information not available.
[    1.380511] Freeing unused kernel memory: 1496K
[    1.382635] Write protecting the kernel read-only data: 14336k
[    1.384472] Freeing unused kernel memory: 1588K
[    1.385767] Freeing unused kernel memory: 52K
Loading, please wait...
starting version 229
[    1.402656] random: systemd-udevd: uninitialized urandom read (16 bytes read, 3 bits of entropy available)
[    1.403690] random: udevadm: uninitialized urandom read (16 bytes read, 3 bits of entropy available)
[    1.403727] random: udevadm: uninitialized urandom read (16 bytes read, 3 bits of entropy available)
[    1.411138] random: systemd-udevd: uninitialized urandom read (16 bytes read, 3 bits of entropy available)
[    1.413066] random: systemd-udevd: uninitialized urandom read (16 bytes read, 3 bits of entropy available)
[    1.413093] random: udevadm: uninitialized urandom read (16 bytes read, 3 bits of entropy available)
[    1.413154] random: udevadm: uninitialized urandom read (16 bytes read, 3 bits of entropy available)
[    1.413283] random: udevadm: uninitialized urandom read (16 bytes read, 3 bits of entropy available)
[    1.413337] random: udevadm: uninitialized urandom read (16 bytes read, 3 bits of entropy available)
[    1.413388] random: udevadm: uninitialized urandom read (16 bytes read, 3 bits of entropy available)
[    1.470159] e1000: Intel(R) PRO/1000 Network Driver - version 7.3.21-k8-NAPI
[    1.471903] e1000: Copyright (c) 1999-2006 Intel Corporation.
[    1.474151] Fusion MPT base driver 3.04.20
[    1.475189] Copyright (c) 1999-2008 LSI Corporation
[    1.492100] Fusion MPT SPI Host driver 3.04.20
[    1.513662] AVX2 version of gcm_enc/dec engaged.
[    1.514740] AES CTR mode by8 optimization enabled
[    1.699774] input: ImExPS/2 Generic Explorer Mouse as /devices/platform/i8042/serio1/input/input4
[    1.867480] e1000 0000:00:03.0 eth0: (PCI:33MHz:32-bit) 02:b5:11:9f:b1:da
[    1.869108] e1000 0000:00:03.0 eth0: Intel(R) PRO/1000 Network Connection
[    2.576561] e1000 0000:00:08.0 eth1: (PCI:33MHz:32-bit) 08:00:27:8d:3b:65
[    2.577970] e1000 0000:00:08.0 eth1: Intel(R) PRO/1000 Network Connection
[    2.580680] e1000 0000:00:03.0 enp0s3: renamed from eth0
[    2.582576] mptbase: ioc0: Initiating bringup
[    2.591708] e1000 0000:00:08.0 enp0s8: renamed from eth1
[    3.119551] ioc0: LSI53C1030 A0: Capabilities={Initiator}
[    5.118793] scsi host2: ioc0: LSI53C1030 A0, FwRev=00000000h, Ports=1, MaxQ=256, IRQ=20
[    6.296108] scsi 2:0:0:0: Direct-Access     VBOX     HARDDISK         1.0  PQ: 0 ANSI: 5
[    6.297548] scsi target2:0:0: Beginning Domain Validation
[    6.301457] scsi target2:0:0: Domain Validation skipping write tests
[    6.302569] scsi target2:0:0: Ending Domain Validation
[    6.303948] scsi target2:0:0: asynchronous
[    6.306644] scsi 2:0:1:0: Direct-Access     VBOX     HARDDISK         1.0  PQ: 0 ANSI: 5
[    6.316468] scsi target2:0:1: Beginning Domain Validation
[    6.320025] scsi target2:0:1: Domain Validation skipping write tests
[    6.322344] scsi target2:0:1: Ending Domain Validation
[    6.324543] scsi target2:0:1: asynchronous
[    6.333610] sd 2:0:0:0: [sda] 83886080 512-byte logical blocks: (42.9 GB/40.0 GiB)
[    6.333995] sd 2:0:0:0: Attached scsi generic sg0 type 0
[    6.334142] sd 2:0:1:0: Attached scsi generic sg1 type 0
[    6.338204] sd 2:0:1:0: [sdb] 20480 512-byte logical blocks: (10.5 MB/10.0 MiB)
[    6.339038] sd 2:0:0:0: [sda] Write Protect is off
[    6.339423] sd 2:0:0:0: [sda] Incomplete mode parameter data
[    6.339426] sd 2:0:0:0: [sda] Assuming drive cache: write through
[    6.343976] sd 2:0:1:0: [sdb] Write Protect is off
[    6.345087] sd 2:0:1:0: [sdb] Incomplete mode parameter data
[    6.345941]  sda: sda1
[    6.346593] sd 2:0:1:0: [sdb] Assuming drive cache: write through
[    6.348497] sd 2:0:0:0: [sda] Attached SCSI disk
[    6.354319] sd 2:0:1:0: [sdb] Attached SCSI disk
Begin: Loading essential drivers ... [    7.751896] md: linear personality registered for level -1
[    7.758048] md: multipath personality registered for level -4
[    7.762308] md: raid0 personality registered for level 0
[    7.768113] md: raid1 personality registered for level 1
[    7.843210] raid6: sse2x1   gen()  8526 MB/s
[    7.911063] raid6: sse2x1   xor()  6575 MB/s
[    7.978894] raid6: sse2x2   gen() 10581 MB/s
[    8.047161] raid6: sse2x2   xor()  6563 MB/s
[    8.115078] raid6: sse2x4   gen() 10881 MB/s
[    8.182853] raid6: sse2x4   xor()  7052 MB/s
[    8.251173] raid6: avx2x1   gen() 14068 MB/s
[    8.319157] raid6: avx2x2   gen() 17619 MB/s
[    8.387164] raid6: avx2x4   gen() 16625 MB/s
[    8.390077] raid6: using algorithm avx2x2 gen() 17619 MB/s
[    8.391916] raid6: using avx2x2 recovery algorithm
[    8.394959] xor: automatically using best checksumming function:
[    8.435385]    avx       : 16756.000 MB/sec
[    8.439040] async_tx: api initialized (async)
[    8.456120] md: raid6 personality registered for level 6
[    8.457439] md: raid5 personality registered for level 5
[    8.458883] md: raid4 personality registered for level 4
[    8.469184] md: raid10 personality registered for level 10
done.
Begin: Running /scripts/init-premount ... done.
Begin: Mounting root file system ... Begin: Running /scripts/local-top ... done.
Begin: Running /scripts/local-premount ... [    8.518374] Btrfs loaded
Scanning for Btrfs filesystems
done.
Warning: fsck not present, so skipping root file system
[    8.564675] EXT4-fs (sda1): mounted filesystem with ordered data mode. Opts: (null)
done.
Begin: Running /scripts/local-bottom ... done.
Begin: Running /scripts/init-bottom ... done.
[    8.689980] systemd[1]: systemd 229 running in system mode. (+PAM +AUDIT +SELINUX +IMA +APPARMOR +SMACK +SYSVINIT +UTMP +LIBCRYPTSETUP +GCRYPT +GNUTLS +ACL +XZ -LZ4 +SECCOMP +BLKID +ELFUTILS +KMOD -IDN)
[    8.694219] systemd[1]: Detected virtualization oracle.
[    8.695452] systemd[1]: Detected architecture x86-64.

Welcome to [1mUbuntu 16.04.7 LTS[0m!

[    8.699752] systemd[1]: Set hostname to <ubuntu>.
[    8.703186] systemd[1]: Initializing machine ID from random generator.
[    8.705610] systemd[1]: Installed transient /etc/machine-id file.
[    8.924246] systemd[1]: Started Forward Password Requests to Wall Directory Watch.
[[0;32m  OK  [0m] Started Forward Password Requests to Wall Directory Watch.
[    8.927085] systemd[1]: Started Trigger resolvconf update for networkd DNS.
[[0;32m  OK  [0m] Started Trigger resolvconf update for networkd DNS.
[    8.929975] systemd[1]: Reached target Encrypted Volumes.
[[0;32m  OK  [0m] Reached target Encrypted Volumes.
[    8.932404] systemd[1]: Listening on Journal Socket.
[[0;32m  OK  [0m] Listening on Journal Socket.
[    9.117046] systemd[1]: Listening on LVM2 metadata daemon socket.
[[0;32m  OK  [0m] Listening on LVM2 metadata daemon socket.
[    9.120379] systemd[1]: Listening on fsck to fsckd communication Socket.
[[0;32m  OK  [0m] Listening on fsck to fsckd communication Socket.
[    9.123403] systemd[1]: Listening on LVM2 poll daemon socket.
[[0;32m  OK  [0m] Listening on LVM2 poll daemon socket.
[    9.288331] systemd[1]: Listening on Device-mapper event daemon FIFOs.
[[0;32m  OK  [0m] Listening on Device-mapper event daemon FIFOs.
[    9.303842] systemd[1]: Reached target Swap.
[[0;32m  OK  [0m] Reached target Swap.
[    9.646326] systemd[1]: Listening on /dev/initctl Compatibility Named Pipe.
[[0;32m  OK  [0m] Listening on /dev/initctl Compatibility Named Pipe.
[    9.648283] systemd[1]: Reached target System Time Synchronized.
[[0;32m  OK  [0m] Reached target System Time Synchronized.
[    9.724508] systemd[1]: Reached target User and Group Name Lookups.
[[0;32m  OK  [0m] Reached target User and Group Name Lookups.
[    9.901481] systemd[1]: Set up automount Arbitrary Executable File Formats File System Automount Point.
[[0;32m  OK  [0m] Set up automount Arbitrary Executab...ats File System Automount Point.
[    9.905977] systemd[1]: Listening on udev Kernel Socket.
[[0;32m  OK  [0m] Listening on udev Kernel Socket.
[    9.907934] systemd[1]: Listening on udev Control Socket.
[[0;32m  OK  [0m] Listening on udev Control Socket.
[    9.909936] systemd[1]: Created slice System Slice.
[[0;32m  OK  [0m] Created slice System Slice.
[   10.007454] systemd[1]: Mounting Debug File System...
         Mounting Debug File System...
[   10.010309] systemd[1]: Mounting Huge Pages File System...
         Mounting Huge Pages File System...
[   10.019916] systemd[1]: Starting Uncomplicated firewall...
         Starting Uncomplicated firewall...
[   10.024134] systemd[1]: Starting File System Check on Root Device...
         Starting File System Check on Root Device...
[   10.026602] systemd[1]: Created slice system-serial\x2dgetty.slice.
[[0;32m  OK  [0m] Created slice system-serial\x2dgetty.slice.
[   10.029698] systemd[1]: Starting Nameserver information manager...
         Starting Nameserver information manager...
[   10.041870] systemd[1]: Starting Load Kernel Modules...
         Starting Load Kernel Modules...
[   10.050012] Loading iSCSI transport class v2.0-870.
[   10.052128] systemd[1]: Starting Create list of required static device nodes for the current kernel...
         Starting Create list of required st... nodes for the current kernel...
[   10.060493] iscsi: registered transport (tcp)
[   10.063005] systemd[1]: Listening on Journal Audit Socket.
[[0;32m  OK  [0m] Listening on Journal Audit Socket.
[   10.065035] systemd[1]: Created slice User and Session Slice.
[[0;32m  OK  [0m] Created slice User and Session Slice.
[   10.066948] systemd[1]: Reached target Slices.
[[0;32m  OK  [0m] Reached target Slices.
[   10.069313] systemd[1]: Starting Set console keymap...
         Starting Set console keymap...
[   10.074348] systemd[1]: Listening on Journal Socket (/dev/log).
[[0;32m  OK  [0m] Listening on Journal Socket (/dev/log).
[   10.077747] systemd[1]: Starting Monitoring of LVM2 mirrors, snapshots etc. using dmeventd or progress polling...
         Starting Monitoring of LVM2 mirrors... dmeventd or progress polling...
[   10.085554] systemd[1]: Listening on Syslog Socket.
[[0;32m  OK  [0m] Listening on Syslog Socket.
[   10.090019] systemd[1]: Starting Journal Service...
         Starting Journal Service...
[   10.092742] systemd[1]: Mounting POSIX Message Queue File System...
         Mounting POSIX Message Queue File System...
[   10.096446] systemd[1]: Mounted Huge Pages File System.
[[0;32m  OK  [0m] Mounted Huge Pages File System.
[   10.098397] systemd[1]: Mounted Debug File System.
[[0;32m  OK  [0m] Mounted Debug File System.
[   10.107317] systemd[1]: Mounted POSIX Message Queue File System.
[[0;32m  OK  [0m] Mounted POSIX Message Queue File System.
[   10.113215] iscsi: registered transport (iser)
[   10.115699] systemd[1]: Started Uncomplicated firewall.
[[0;32m  OK  [0m] Started Uncomplicated firewall.
[   10.125450] systemd[1]: Started File System Check on Root Device.
[[0;32m  OK  [0m] Started File System Check on Root Device.
[   10.143761] systemd[1]: Started Load Kernel Modules.
[[0;32m  OK  [0m] Started Load Kernel Modules.
[   10.146673] systemd[1]: Started Create list of required static device nodes for the current kernel.
[[0;32m  OK  [0m] Started Create list of required sta...ce nodes for the current kernel.
[   10.156275] systemd[1]: Started Set console keymap.
[[0;32m  OK  [0m] Started Set console keymap.
[   10.179216] systemd[1]: Started Nameserver information manager.
[[0;32m  OK  [0m] Started Nameserver information manager.
[   10.191249] systemd[1]: Started Journal Service.
[[0;32m  OK  [0m] Started Journal Service.
[[0;32m  OK  [0m] Started LVM2 metadata daemon.
[[0;32m  OK  [0m] Started File System Check Daemon to report status.
         Starting Create Static Device Nodes in /dev...
         Mounting FUSE Control File System...
         Starting Apply Kernel Variables...
         Starting Remount Root and Kernel File Systems...
[[0;32m  OK  [0m] Mounted FUSE Control File System.
[[0;32m  OK  [0m] Started Apply Kernel Variables.
[[0;32m  OK  [0m] Started Remount Root and Kernel File Systems.
         Starting Flush Journal to Persistent Storage...
         Starting udev Coldplug all Devices...
         Starting Load/Save Random Seed...
[[0;32m  OK  [0m] Started Create Static Device Nodes in /dev.
[[0;32m  OK  [0m] Started Load/Save Random Seed.
         Starting udev Kernel Device Manager...
[[0;32m  OK  [0m] Started Flush Journal to Persistent Storage.
[[0;32m  OK  [0m] Started udev Coldplug all Devices.
[[0;32m  OK  [0m] Started udev Kernel Device Manager.
[[0;32m  OK  [0m] Started Dispatch Password Requests to Console Directory Watch.
[[0;32m  OK  [0m] Found device /dev/ttyS0.
[[0;32m  OK  [0m] Listening on Load/Save RF Kill Switch Status /dev/rfkill Watch.
[[0;32m  OK  [0m] Started Monitoring of LVM2 mirrors,...ng dmeventd or progress polling.
[[0;32m  OK  [0m] Reached target Local File Systems (Pre).
[[0;32m  OK  [0m] Reached target Local File Systems.
         Starting Tell Plymouth To Write Out Runtime Data...
         Starting Create Volatile Files and Directories...
         Starting LSB: AppArmor initialization...
         Starting Set console font and keymap...
         Starting Commit a transient machine-id on disk...
         Starting Initial cloud-init job (pre-networking)...
[[0;32m  OK  [0m] Started Tell Plymouth To Write Out Runtime Data.
[[0;32m  OK  [0m] Started Create Volatile Files and Directories.
[[0;32m  OK  [0m] Started Commit a transient machine-id on disk.
         Starting Update UTMP about System Boot/Shutdown...
[[0;32m  OK  [0m] Started Update UTMP about System Boot/Shutdown.
[[0;32m  OK  [0m] Started Set console font and keymap.
[[0;32m  OK  [0m] Created slice system-getty.slice.
[[0;32m  OK  [0m] Started LSB: AppArmor initialization.
         Starting Load AppArmor profiles managed internally by snapd...
[[0;32m  OK  [0m] Started Load AppArmor profiles managed internally by snapd.
[   12.865082] cloud-init[656]: Cloud-init v. 20.4.1-0ubuntu1~16.04.1 running 'init-local' at Wed, 14 Apr 2021 15:51:46 +0000. Up 12.33 seconds.
[[0;32m  OK  [0m] Started Initial cloud-init job (pre-networking).
[[0;32m  OK  [0m] Reached target Network (Pre).
         Starting Raise network interfaces...
[[0;32m  OK  [0m] Started Raise network interfaces.
         Starting Initial cloud-init job (metadata service crawler)...
[[0;32m  OK  [0m] Reached target Network.
[   15.218447] cloud-init[958]: Cloud-init v. 20.4.1-0ubuntu1~16.04.1 running 'init' at Wed, 14 Apr 2021 15:51:48 +0000. Up 14.36 seconds.
[   15.222750] cloud-init[958]: ci-info: ++++++++++++++++++++++++++++++++++++++Net device info+++++++++++++++++++++++++++++++++++++++
[   15.225515] cloud-init[958]: ci-info: +--------+-------+----------------------------+---------------+--------+-------------------+
[   15.228374] cloud-init[958]: ci-info: | Device |   Up  |          Address           |      Mask     | Scope  |     Hw-Address    |
[   15.232633] cloud-init[958]: ci-info: +--------+-------+----------------------------+---------------+--------+-------------------+
[   15.236500] cloud-init[958]: ci-info: | enp0s3 |  True |         10.0.2.15          | 255.255.255.0 | global | 02:b5:11:9f:b1:da |
[   15.240271] cloud-init[958]: ci-info: | enp0s3 |  True | fe80::b5:11ff:fe9f:b1da/64 |       .       |  link  | 02:b5:11:9f:b1:da |
[   15.243417] cloud-init[958]: ci-info: | enp0s8 | False |             .              |       .       |   .    | 08:00:27:8d:3b:65 |
[   15.246246] cloud-init[958]: ci-info: |   lo   |  True |         127.0.0.1          |   255.0.0.0   |  host  |         .         |
[   15.263184] cloud-init[958]: ci-info: |   lo   |  True |          ::1/128           |       .       |  host  |         .         |
[   15.266215] cloud-init[958]: ci-info: +--------+-------+----------------------------+---------------+--------+-------------------+
[   15.269203] cloud-init[958]: ci-info: +++++++++++++++++++++++++++Route IPv4 info++++++++++++++++++++++++++++
[   15.272470] cloud-init[958]: ci-info: +-------+-------------+----------+---------------+-----------+-------+
[   15.274919] cloud-init[958]: ci-info: | Route | Destination | Gateway  |    Genmask    | Interface | Flags |
[   15.277477] cloud-init[958]: ci-info: +-------+-------------+----------+---------------+-----------+-------+
[   15.280807] cloud-init[958]: ci-info: |   0   |   0.0.0.0   | 10.0.2.2 |    0.0.0.0    |   enp0s3  |   UG  |
[   15.284115] cloud-init[958]: ci-info: |   1   |   10.0.2.0  | 0.0.0.0  | 255.255.255.0 |   enp0s3  |   U   |
[   15.288707] cloud-init[958]: ci-info: +-------+-------------+----------+---------------+-----------+-------+
[   15.294655] cloud-init[958]: ci-info: +++++++++++++++++++Route IPv6 info+++++++++++++++++++
[   15.298052] cloud-init[958]: ci-info: +-------+-------------+---------+-----------+-------+
[   15.301595] cloud-init[958]: ci-info: | Route | Destination | Gateway | Interface | Flags |
[   15.306656] cloud-init[958]: ci-info: +-------+-------------+---------+-----------+-------+
[   15.309749] cloud-init[958]: ci-info: |   0   |  fe80::/64  |    ::   |   enp0s3  |   U   |
[   15.313308] cloud-init[958]: ci-info: |   3   |   ff00::/8  |    ::   |   enp0s3  |   U   |
[   15.315235] cloud-init[958]: ci-info: +-------+-------------+---------+-----------+-------+
[   15.317877] cloud-init[958]: Generating public/private rsa key pair.
[   15.320774] cloud-init[958]: Your identification has been saved in /etc/ssh/ssh_host_rsa_key.
[   15.323961] cloud-init[958]: Your public key has been saved in /etc/ssh/ssh_host_rsa_key.pub.
[   15.326130] cloud-init[958]: The key fingerprint is:
[   15.327788] cloud-init[958]: SHA256:TV7tMtBwSCHMU3RYuXZY2qorycCdDJwEgQt+yP+ZiOg root@ubuntu-xenial
[   15.329121] cloud-init[958]: The key's randomart image is:
[   15.337632] cloud-init[958]: +---[RSA 2048]----+
[   15.345377] cloud-init[958]: |   .oo o.+*=+.   |
[   15.357054] cloud-init[958]: |. .   . +.o=...  |
[   15.358337] cloud-init[958]: |o... o . .o o*.  |
[   15.360756] cloud-init[958]: | +..  +  + o=.o  |
[   15.362436] cloud-init[958]: |  o  . +S.o.oo.  |
[   15.363847] cloud-init[958]: |   .  o +   .o   |
[   15.365348] cloud-init[958]: |. . o oo . .     |
[   15.368631] cloud-init[958]: |.. . +  + .      |
[   15.372093] cloud-init[958]: |.E       ...     |
[   15.374043] cloud-init[958]: +----[SHA256]-----+
[   15.377588] cloud-init[958]: Generating public/private dsa key pair.
[   15.379833] cloud-init[958]: Your identification has been saved in /etc/ssh/ssh_host_dsa_key.
[[0;32m  OK  [0m] Started Initial cloud-init job (metadata service crawler).
[   15.394522] cloud-init[[958]: [0;32m  OK  [0mYour public key has been saved in /etc/ssh/ssh_host_dsa_key.pub.] 
Reached target Network is Online.
[   15.398510] cloud-init[958]: The key fingerprint is:
[   15.400765] cloud-init[958]: SHA256:e41dHRGWKrAVXwY+AwP1ADoI3G3cCp1RP0eW4qgf+3Y root@ubuntu-xenial
[   15.404554] cloud-init[958]: The key's randomart image is:
[   15.408964]          Starting iSCSI initiator daemon (iscsid)...
[[0;32m  OK  [0m] Reached target System Initialization.
cloud-init[958]: +---[DSA 1024]----+
[   15.413800] cloud-init[958]: |  ... +.=++*.+o*o|
[[0;32m  OK  [0m] Started ACPI Events Check.
[[   15.415410] cloud-init[0;32m  OK  [0m] Reached target Paths.
[[0;32m  OK  [0m] Listening on UUID daemon activation socket.
[[0;32m  OK  [0m] Listening on ACPID Listen Socket.
[[0;32m  OK  [0m] Listening on D-Bus System Message Bus Socket.
[958]: |   ..o.*.o.oX.+..|
[   15.423791] cloud-init[958]: |     .oo. *o.B.. |
         Starting LXD - unix socket.
[   15.425291] [[0;32m  OK  [0m] Started Daily Cleanup of Temporary Directories.
[[0;32m  OK  [0m] Started Message of the Day.
         Starting Socket activation for snappy daemon.
[[0;32m  OK  [0m] Started Daily apt download activities.
[[0;32m  OK  [0mcloud-init[958]: ] Started Daily apt upgrade and clean activities.
[[0;32m  OK  [0m] Reached target Timers.
[[0;32m  OK  [0m] Reached target Cloud-config availability.
[[0;32m  OK  [0m] Listening on LXD - unix socket.
[[0;32m  OK  [0m] Listening on Socket activation for snappy daemon.
[[0;32m  OK  [0m] Reached target Sockets.
[[0;32m  OK  [0m] Reached target Basic System.
|       ..o oo.o..|
[   15.434746] cloud-init[958]: |        S   . . .|
[   15.436564] cloud-init[958]: |       . o + .   |
[[0;32m  OK  [0m] Started Regular background program processing daemon.
[   15.439759] cloud-init[958]: |        o = o    |
         Starting LSB: Record successful boot for GRUB...
         Starting LSB: MD monitoring daemon...
[   15.445356] cloud-init[958]: |         + . E   |
         Starting Accounts Service...
[   15.451509] cloud-init[958]: |          o..    |         Starting Virtualbox guest utils...
         Starting Login Service...
         Starting /etc/rc.local Compatibility...
[[0;32m  OK  [0m] Started D-Bus System Message Bus.

[   15.476533] cloud-init[958]: +----[SHA256]-----+
[   15.478369] cloud-init[958]: Generating public/private ecdsa key pair.
[   15.482877] cloud-init[958]: Your identification has been saved in /etc/ssh/ssh_host_ecdsa_key.
[   15.485772] cloud-init[958]: Your public key has been saved in /etc/ssh/ssh_host_ecdsa_key.pub.
[   15.489124] cloud-init[958]: The key fingerprint is:
[   15.490982] cloud-init[958]: SHA256:T5klbq6vSslBH/bbAqk25Clwmz22UKOR98+O7Pqk3o8 root@ubuntu-xenial
[   15.492981] cloud-init[958]: The key's randomart image is:
[   15.494761] cloud-init[958]: +---[ECDSA 256]---+
[   15.496153] cloud-init[958]: |                 |
[   15.497713] cloud-init[958]: |                 |
[   15.499168] cloud-init[958]: |      . o . .    |
[   15.500615] cloud-init[958]: |     o o = =     |
[   15.502241] cloud-init[958]: |  . + * S B      |
[   15.504150] cloud-init[958]: |   o % B * o     |
[   15.506294] cloud-init[958]: |    * & o = .    |
[   15.508107] cloud-init[958]: |     * O * .     |
[   15.509708] cloud-init[958]: |     .*=E=*      |
[   15.511154] cloud-init[958]: +----[SHA256]-----+
[   15.512670] cloud-init[958]: Generating public/private ed25519 key pair.
[   15.514826] cloud-init[958]: Your identification has been saved in /etc/ssh/ssh_host_ed25519_key.
[   15.518346] cloud-init[958]: Your public key has been saved in /etc/ssh/ssh_host_ed25519_key.pub.
[   15.522086] cloud-init[958]: The key fingerprint is:
[   15.524270] cloud-init[958]: SHA256:G7Xm9ahh6xBY6nwZyI9dTW5NgHvoOgLje8hgaRnBC68 root@ubuntu-xenial
[   15.526970] cloud-init[958]: The key's randomart image is:         Starting Pollinate to seed the pseudo random number generator...

[   15.535188]          Starting System Logging Service...
[[0;32m  OK  [0m] Started Deferred execution scheduler.
cloud-init[958]: +--[ED25519 256]--+
[[0;32m  OK  [0m] Started ACPI event daemon.
[[0;32m  OK  [0m] Started FUSE filesystem for LXC.
[   15.550129] cloud-init[958]:          Starting Snap Daemon...
| .         ..    |
         Starting LXD - container startup/shutdown...
[   15.562495] [[0;32m  OK  [0m] Started /etc/rc.local Compatibility.
cloud-init[[0;32m  OK  [0m] Started iSCSI initiator daemon (iscsid).
[958]: |. o       .  .   |
[   15.579434] cloud-init[958]: | o o    . .o. .  |
[   15.581907] cloud-init[958]: |  +  . = .o=.o   |
[   15.583298] cloud-init[958]: | . +  = S.+.= .  |
[   15.589099] cloud-init[958]: |E * oo + X.o o   |
[   15.590982] cloud-init[958]: | o + ++ B.+ . .  |
[   15.592442] cloud-init[[0;32m  OK  [0m] Started System Logging Service.
[958]: |    + o.oo +     |
[   15.599140] cloud-init[958]: |    .o . o+      |
[   15.611554]          Starting Authenticate and Authorize Users to Run Privileged Tasks...
cloud-init[958]: +----[SHA256]-----+
         Starting Login to default iSCSI targets...
[[0;32m  OK  [0m] Started Login Service.
[[0;32m  OK  [0m] Started Unattended Upgrades Shutdown.
[[0;32m  OK  [0m] Started LSB: Record successful boot for GRUB.
[[0;32m  OK  [0m] Started LSB: MD monitoring daemon.
[[0;32m  OK  [0m] Started Login to default iSCSI targets.
[[0;32m  OK  [0m] Reached target Remote File Systems (Pre).
[[0;32m  OK  [0m] Reached target Remote File Systems.
         Starting LSB: daemon to balance interrupts for SMP systems...
         Starting LSB: automatic crash report generation...
         Starting LSB: Set the CPU Frequency Scaling governor to "ondemand"...
         Starting Permit User Sessions...
[[0;32m  OK  [0m] Started Permit User Sessions.
         Starting Terminate Plymouth Boot Screen...
         Starting Hold until boot process finishes up...
[[0;32m  OK  [0m] Started Terminate Plymouth Boot Screen.
[[0;32m  OK  [0m] Started Hold until boot process finishes up.
[[0;32m  OK  [0m] Started Getty on tty1.
         Starting Set console scheme...
[[0;32m  OK  [0m] Started Serial Getty on ttyS0.
[[0;32m  OK  [0m] Reached target Login Prompts.
[[0;32m  OK  [0m] Started Authenticate and Authorize Users to Run Privileged Tasks.
[[0;32m  OK  [0m] Started Set console scheme.
[[0;32m  OK  [0m] Started Accounts Service.
[[0;32m  OK  [0m] Started LSB: Set the CPU Frequency Scaling governor to "ondemand".
[[0;32m  OK  [0m] Started LXD - container startup/shutdown.
[[0;32m  OK  [0m] Started LSB: automatic crash report generation.
[[0;32m  OK  [0m] Started LSB: daemon to balance interrupts for SMP systems.
[[0;32m  OK  [0m] Started Virtualbox guest utils.
[[0;32m  OK  [0m] Started Snap Daemon.
         Starting Wait until snapd is fully seeded...
[[0;32m  OK  [0m] Started Wait until snapd is fully seeded.
         Starting Apply the settings specified in cloud-config...
[[0;32m  OK  [0m] Started Pollinate to seed the pseudo random number generator.
         Starting OpenBSD Secure Shell server...
[[0;32m  OK  [0m] Started OpenBSD Secure Shell server.
[[0;32m  OK  [0m] Reached target Multi-User System.
[[0;32m  OK  [0m] Reached target Graphical Interface.
         Starting Update UTMP about System Runlevel Changes...
[[0;32m  OK  [0m] Started Update UTMP about System Runlevel Changes.
[   17.235173] cloud-init[1290]: Generating locales (this might take a while)...
[   18.555067] cloud-init[1290]:   en_US.UTF-8... done
[   18.564905] cloud-init[1290]: Generation complete.
[   18.964611] cloud-init[1290]: Cloud-init v. 20.4.1-0ubuntu1~16.04.1 running 'modules:config' at Wed, 14 Apr 2021 15:51:51 +0000. Up 17.06 seconds.
[[0;32m  OK  [0m] Started Apply the settings specified in cloud-config.
         Starting Execute cloud user/final scripts...
ci-info: no authorized SSH keys fingerprints found for user ubuntu.
<14>Apr 14 15:51:54 ec2: 
<14>Apr 14 15:51:54 ec2: #############################################################
<14>Apr 14 15:51:54 ec2: -----BEGIN SSH HOST KEY FINGERPRINTS-----
<14>Apr 14 15:51:54 ec2: 1024 SHA256:e41dHRGWKrAVXwY+AwP1ADoI3G3cCp1RP0eW4qgf+3Y root@ubuntu-xenial (DSA)
<14>Apr 14 15:51:54 ec2: 256 SHA256:T5klbq6vSslBH/bbAqk25Clwmz22UKOR98+O7Pqk3o8 root@ubuntu-xenial (ECDSA)
<14>Apr 14 15:51:54 ec2: 256 SHA256:G7Xm9ahh6xBY6nwZyI9dTW5NgHvoOgLje8hgaRnBC68 root@ubuntu-xenial (ED25519)
<14>Apr 14 15:51:54 ec2: 2048 SHA256:TV7tMtBwSCHMU3RYuXZY2qorycCdDJwEgQt+yP+ZiOg root@ubuntu-xenial (RSA)
<14>Apr 14 15:51:54 ec2: -----END SSH HOST KEY FINGERPRINTS-----
<14>Apr 14 15:51:54 ec2: #############################################################
-----BEGIN SSH HOST KEY KEYS-----
ecdsa-sha2-nistp256 AAAAE2VjZHNhLXNoYTItbmlzdHAyNTYAAAAIbmlzdHAyNTYAAABBBBRuGlZqxmDN2b6a1HIMLjIcUSC2Bc68ENGxSZlPouuCVn7Z7s4CnlA9X5BlPoUVaDE7LeVgRddtytwJGN2BNXM= root@ubuntu-xenial
ssh-ed25519 AAAAC3NzaC1lZDI1NTE5AAAAIFGt1TnbpwwjEmTeXIAHGegW9tcUdI5u9CpwkLtxICbk root@ubuntu-xenial
ssh-rsa AAAAB3NzaC1yc2EAAAADAQABAAABAQDHSvB1r8wUMZLmmkFqZjF1TQZ8B2E9Nwfh5SwNObm9Gc+wm3QV+lWLsQgWZYz1CtsWoT24dUVNOEBhUSUyBX8dzqwjcd/7e72dDGNbZ2ITFfba28wp5wmG8qZyQeLRsPQlgiEEwygwPcgwnA8V3xjZi5CAfj6PLf5/uuybkFLP80VhWZFPuuYzmpx3TDYnnbwGaT2XbwlnOsNb0YwUVdn+s9b8jJNk1AZprgJiSmJctsrpS8mwC7gTGu1lNhHNPgPnPwLXJ5BuuPUhGPRvdeOmy8vF2zWnzQrgYAd227ZzrV8YXtC3YdTyRpb02p5ehWopMqTeLWIiMlkXJ23EbLV3 root@ubuntu-xenial
-----END SSH HOST KEY KEYS-----
[   19.628206] cloud-init[1356]: Cloud-init v. 20.4.1-0ubuntu1~16.04.1 running 'modules:final' at Wed, 14 Apr 2021 15:51:53 +0000. Up 19.44 seconds.
[   19.636875] cloud-init[1356]: ci-info: no authorized SSH keys fingerprints found for user ubuntu.
[   19.638607] cloud-init[1356]: Cloud-init v. 20.4.1-0ubuntu1~16.04.1 finished at Wed, 14 Apr 2021 15:51:54 +0000. Datasource DataSourceNoCloud [seed=/dev/sdb][dsmode=net].  Up 19.61 seconds
[[0;32m  OK  [0m] Started Execute cloud user/final scripts.
[[0;32m  OK  [0m] Reached target Cloud-init target.

Ubuntu 16.04.7 LTS ubuntu-xenial ttyS0

ubuntu-xenial login: 